Component: ARM Compiler 5.06 update 6 (build 750) Tool: armlink [4d35ed]

==============================================================================

Section Cross References

    startup_stm32f103xb.o(STACK) refers (Special) to heapauxi.o(.text) for __use_two_region_memory
    startup_stm32f103xb.o(HEAP) refers (Special) to heapauxi.o(.text) for __use_two_region_memory
    startup_stm32f103xb.o(RESET) refers (Special) to heapauxi.o(.text) for __use_two_region_memory
    startup_stm32f103xb.o(RESET) refers to startup_stm32f103xb.o(STACK) for __initial_sp
    startup_stm32f103xb.o(RESET) refers to startup_stm32f103xb.o(.text) for Reset_Handler
    startup_stm32f103xb.o(RESET) refers to stm32f1xx_it.o(i.NMI_Handler) for NMI_Handler
    startup_stm32f103xb.o(RESET) refers to stm32f1xx_it.o(i.HardFault_Handler) for HardFault_Handler
    startup_stm32f103xb.o(RESET) refers to stm32f1xx_it.o(i.MemManage_Handler) for MemManage_Handler
    startup_stm32f103xb.o(RESET) refers to stm32f1xx_it.o(i.BusFault_Handler) for BusFault_Handler
    startup_stm32f103xb.o(RESET) refers to stm32f1xx_it.o(i.UsageFault_Handler) for UsageFault_Handler
    startup_stm32f103xb.o(RESET) refers to stm32f1xx_it.o(i.SVC_Handler) for SVC_Handler
    startup_stm32f103xb.o(RESET) refers to stm32f1xx_it.o(i.DebugMon_Handler) for DebugMon_Handler
    startup_stm32f103xb.o(RESET) refers to stm32f1xx_it.o(i.PendSV_Handler) for PendSV_Handler
    startup_stm32f103xb.o(RESET) refers to stm32f1xx_it.o(i.SysTick_Handler) for SysTick_Handler
    startup_stm32f103xb.o(RESET) refers to stm32f1xx_it.o(i.USB_LP_CAN1_RX0_IRQHandler) for USB_LP_CAN1_RX0_IRQHandler
    startup_stm32f103xb.o(RESET) refers to stm32f1xx_it.o(i.TIM1_BRK_IRQHandler) for TIM1_BRK_IRQHandler
    startup_stm32f103xb.o(RESET) refers to stm32f1xx_it.o(i.TIM1_UP_IRQHandler) for TIM1_UP_IRQHandler
    startup_stm32f103xb.o(RESET) refers to stm32f1xx_it.o(i.TIM2_IRQHandler) for TIM2_IRQHandler
    startup_stm32f103xb.o(RESET) refers to stm32f1xx_it.o(i.TIM3_IRQHandler) for TIM3_IRQHandler
    startup_stm32f103xb.o(RESET) refers to stm32f1xx_it.o(i.TIM4_IRQHandler) for TIM4_IRQHandler
    startup_stm32f103xb.o(.text) refers (Special) to heapauxi.o(.text) for __use_two_region_memory
    startup_stm32f103xb.o(.text) refers to system_stm32f1xx.o(i.SystemInit) for SystemInit
    startup_stm32f103xb.o(.text) refers to __main.o(!!!main) for __main
    startup_stm32f103xb.o(.text) refers to startup_stm32f103xb.o(HEAP) for Heap_Mem
    startup_stm32f103xb.o(.text) refers to startup_stm32f103xb.o(STACK) for Stack_Mem
    main.o(i.Backward) refers to stm32f1xx_hal_gpio.o(i.HAL_GPIO_WritePin) for HAL_GPIO_WritePin
    main.o(i.Backward) refers to ffixu.o(x$fpl$ffixu) for __aeabi_f2uiz
    main.o(i.Backward) refers to main.o(.bss) for htim1
    main.o(i.CAN_Send) refers to stm32f1xx_hal_can.o(i.HAL_CAN_AddTxMessage) for HAL_CAN_AddTxMessage
    main.o(i.CAN_Send) refers to main.o(i.Error_Handler) for Error_Handler
    main.o(i.CAN_Send) refers to stm32f1xx_hal_can.o(i.HAL_CAN_GetTxMailboxesFreeLevel) for HAL_CAN_GetTxMailboxesFreeLevel
    main.o(i.CAN_Send) refers to main.o(.bss) for TxHeader
    main.o(i.CAN_Send) refers to main.o(.data) for TxMailbox
    main.o(i.Ctl_Pos) refers to fmul.o(x$fpl$fmul) for __aeabi_fmul
    main.o(i.Ctl_Pos) refers to f2d.o(x$fpl$f2d) for __aeabi_f2d
    main.o(i.Ctl_Pos) refers to dmul.o(x$fpl$dmul) for __aeabi_dmul
    main.o(i.Ctl_Pos) refers to daddsub_clz.o(x$fpl$dadd) for __aeabi_dadd
    main.o(i.Ctl_Pos) refers to d2f.o(x$fpl$d2f) for __aeabi_d2f
    main.o(i.Ctl_Pos) refers to daddsub_clz.o(x$fpl$dsub) for __aeabi_dsub
    main.o(i.Ctl_Pos) refers to main.o(i.readEncoder) for readEncoder
    main.o(i.Ctl_Pos) refers to fflt_clz.o(x$fpl$fflt) for __aeabi_i2f
    main.o(i.Ctl_Pos) refers to fdiv.o(x$fpl$fdiv) for __aeabi_fdiv
    main.o(i.Ctl_Pos) refers to faddsub_clz.o(x$fpl$fsub) for __aeabi_fsub
    main.o(i.Ctl_Pos) refers to faddsub_clz.o(x$fpl$fadd) for __aeabi_fadd
    main.o(i.Ctl_Pos) refers to ddiv.o(x$fpl$ddiv) for __aeabi_ddiv
    main.o(i.Ctl_Pos) refers to frleqf.o(x$fpl$frleqf) for __aeabi_cfrcmple
    main.o(i.Ctl_Pos) refers to fleqf.o(x$fpl$fleqf) for __aeabi_cfcmple
    main.o(i.Ctl_Pos) refers to main.o(i.Forward) for Forward
    main.o(i.Ctl_Pos) refers to main.o(i.Backward) for Backward
    main.o(i.Ctl_Pos) refers to main.o(i.Stop) for Stop
    main.o(i.Ctl_Pos) refers to stm32f1xx_hal.o(i.HAL_Delay) for HAL_Delay
    main.o(i.Ctl_Pos) refers to main.o(.data) for KD_P
    main.o(i.Ctl_Pos) refers to main.o(.bss) for Pos
    main.o(i.Forward) refers to stm32f1xx_hal_gpio.o(i.HAL_GPIO_WritePin) for HAL_GPIO_WritePin
    main.o(i.Forward) refers to ffixu.o(x$fpl$ffixu) for __aeabi_f2uiz
    main.o(i.Forward) refers to main.o(.bss) for htim1
    main.o(i.HAL_CAN_RxFifo0MsgPendingCallback) refers to stm32f1xx_hal_can.o(i.HAL_CAN_GetRxMessage) for HAL_CAN_GetRxMessage
[...]
    .ARM.Collect$$libinit$$0000000C          0x08000162   Section        0  libinit2.o(.ARM.Collect$$libinit$$0000000C)
    .ARM.Collect$$libinit$$0000000E          0x08000162   Section        0  libinit2.o(.ARM.Collect$$libinit$$0000000E)
    .ARM.Collect$$libinit$$00000011          0x08000162   Section        0  libinit2.o(.ARM.Collect$$libinit$$00000011)
    .ARM.Collect$$libinit$$00000013          0x08000162   Section        0  libinit2.o(.ARM.Collect$$libinit$$00000013)
    .ARM.Collect$$libinit$$00000015          0x08000162   Section        0  libinit2.o(.ARM.Collect$$libinit$$00000015)
    .ARM.Collect$$libinit$$00000017          0x08000162   Section        0  libinit2.o(.ARM.Collect$$libinit$$00000017)
    .ARM.Collect$$libinit$$00000019          0x08000162   Section        0  libinit2.o(.ARM.Collect$$libinit$$00000019)
    .ARM.Collect$$libinit$$0000001B          0x08000162   Section        0  libinit2.o(.ARM.Collect$$libinit$$0000001B)
    .ARM.Collect$$libinit$$0000001D          0x08000162   Section        0  libinit2.o(.ARM.Collect$$libinit$$0000001D)
    .ARM.Collect$$libinit$$0000001F          0x08000162   Section        0  libinit2.o(.ARM.Collect$$libinit$$0000001F)
    .ARM.Collect$$libinit$$00000021          0x08000162   Section        0  libinit2.o(.ARM.Collect$$libinit$$00000021)
    .ARM.Collect$$libinit$$00000023          0x08000162   Section        0  libinit2.o(.ARM.Collect$$libinit$$00000023)
    .ARM.Collect$$libinit$$00000025          0x08000162   Section        0  libinit2.o(.ARM.Collect$$libinit$$00000025)
    .ARM.Collect$$libinit$$0000002C          0x08000162   Section        0  libinit2.o(.ARM.Collect$$libinit$$0000002C)
    .ARM.Collect$$libinit$$0000002E          0x08000162   Section        0  libinit2.o(.ARM.Collect$$libinit$$0000002E)
    .ARM.Collect$$libinit$$00000030          0x08000162   Section        0  libinit2.o(.ARM.Collect$$libinit$$00000030)
    .ARM.Collect$$libinit$$00000032          0x08000162   Section        0  libinit2.o(.ARM.Collect$$libinit$$00000032)
    .ARM.Collect$$libinit$$00000033          0x08000162   Section        2  libinit2.o(.ARM.Collect$$libinit$$00000033)
    .ARM.Collect$$libshutdown$$00000000      0x08000164   Section        2  libshutdown.o(.ARM.Collect$$libshutdown$$00000000)
    .ARM.Collect$$libshutdown$$00000002      0x08000166   Section        0  libshutdown2.o(.ARM.Collect$$libshutdown$$00000002)
    .ARM.Collect$$libshutdown$$00000004      0x08000166   Section        0  libshutdown2.o(.ARM.Collect$$libshutdown$$00000004)
    .ARM.Collect$$libshutdown$$00000007      0x08000166   Section        0  libshutdown2.o(.ARM.Collect$$libshutdown$$00000007)
    .ARM.Collect$$libshutdown$$0000000A      0x08000166   Section        0  libshutdown2.o(.ARM.Collect$$libshutdown$$0000000A)
    .ARM.Collect$$libshutdown$$0000000C      0x08000166   Section        0  libshutdown2.o(.ARM.Collect$$libshutdown$$0000000C)
    .ARM.Collect$$libshutdown$$0000000F      0x08000166   Section        0  libshutdown2.o(.ARM.Collect$$libshutdown$$0000000F)
    .ARM.Collect$$libshutdown$$00000010      0x08000166   Section        2  libshutdown2.o(.ARM.Collect$$libshutdown$$00000010)
    .ARM.Collect$$rtentry$$00000000          0x08000168   Section        0  __rtentry.o(.ARM.Collect$$rtentry$$00000000)
    .ARM.Collect$$rtentry$$00000002          0x08000168   Section        0  __rtentry2.o(.ARM.Collect$$rtentry$$00000002)
    .ARM.Collect$$rtentry$$00000004          0x08000168   Section        6  __rtentry4.o(.ARM.Collect$$rtentry$$00000004)
    .ARM.Collect$$rtentry$$00000009          0x0800016e   Section        0  __rtentry2.o(.ARM.Collect$$rtentry$$00000009)
    .ARM.Collect$$rtentry$$0000000A          0x0800016e   Section        4  __rtentry2.o(.ARM.Collect$$rtentry$$0000000A)
    .ARM.Collect$$rtentry$$0000000C          0x08000172   Section        0  __rtentry2.o(.ARM.Collect$$rtentry$$0000000C)
    .ARM.Collect$$rtentry$$0000000D          0x08000172   Section        8  __rtentry2.o(.ARM.Collect$$rtentry$$0000000D)
    .ARM.Collect$$rtexit$$00000000           0x0800017a   Section        2  rtexit.o(.ARM.Collect$$rtexit$$00000000)
    .ARM.Collect$$rtexit$$00000002           0x0800017c   Section        0  rtexit2.o(.ARM.Collect$$rtexit$$00000002)
    .ARM.Collect$$rtexit$$00000003           0x0800017c   Section        4  rtexit2.o(.ARM.Collect$$rtexit$$00000003)
    .ARM.Collect$$rtexit$$00000004           0x08000180   Section        6  rtexit2.o(.ARM.Collect$$rtexit$$00000004)
    .text                                    0x08000188   Section       64  startup_stm32f103xb.o(.text)
    .text                                    0x080001c8   Section       78  rt_memclr_w.o(.text)
    .text                                    0x08000216   Section        0  heapauxi.o(.text)
    .text                                    0x0800021c   Section        0  _rserrno.o(.text)
    .text                                    0x08000234   Section        8  rt_errno_addr_intlibspace.o(.text)
    .text                                    0x0800023c   Section        8  libspace.o(.text)
    .text                                    0x08000244   Section       74  sys_stackheap_outer.o(.text)
    .text                                    0x0800028e   Section        0  exit.o(.text)
    .text                                    0x080002a0   Section        0  sys_exit.o(.text)
    .text                                    0x080002ac   Section        2  use_no_semi.o(.text)
    .text                                    0x080002ae   Section        0  indicate_semi.o(.text)
    i.Backward                               0x080002b0   Section        0  main.o(i.Backward)
    i.BusFault_Handler                       0x08000338   Section        0  stm32f1xx_it.o(i.BusFault_Handler)
    i.CAN_Send                               0x0800033c   Section        0  main.o(i.CAN_Send)
    i.Ctl_Pos                                0x08000380   Section        0  main.o(i.Ctl_Pos)
    i.DebugMon_Handler                       0x08000650   Section        0  stm32f1xx_it.o(i.DebugMon_Handler)
    i.Error_Handler                          0x08000652   Section        0  main.o(i.Error_Handler)
    i.Forward                                0x08000658   Section        0  main.o(i.Forward)
    i.HAL_CAN_ActivateNotification           0x080006e0   Section        0  stm32f1xx_hal_can.o(i.HAL_CAN_ActivateNotification)
    i.HAL_CAN_AddTxMessage                   0x0800070a   Section        0  stm32f1xx_hal_can.o(i.HAL_CAN_AddTxMessage)
    i.HAL_CAN_ConfigFilter                   0x08000860   Section        0  stm32f1xx_hal_can.o(i.HAL_CAN_ConfigFilter)
    i.HAL_CAN_ErrorCallback                  0x0800096a   Section        0  stm32f1xx_hal_can.o(i.HAL_CAN_ErrorCallback)
    i.HAL_CAN_GetRxMessage                   0x0800096c   Section        0  stm32f1xx_hal_can.o(i.HAL_CAN_GetRxMessage)
    i.HAL_CAN_GetTxMailboxesFreeLevel        0x08000ae6   Section        0  stm32f1xx_hal_can.o(i.HAL_CAN_GetTxMailboxesFreeLevel)
    i.HAL_CAN_IRQHandler                     0x08000b1c   Section        0  stm32f1xx_hal_can.o(i.HAL_CAN_IRQHandler)
    i.HAL_CAN_Init                           0x08000d6a   Section        0  stm32f1xx_hal_can.o(i.HAL_CAN_Init)
    i.HAL_CAN_MspInit                        0x08000ee0   Section        0  stm32f1xx_hal_msp.o(i.HAL_CAN_MspInit)
    i.HAL_CAN_RxFifo0FullCallback            0x08000f78   Section        0  stm32f1xx_hal_can.o(i.HAL_CAN_RxFifo0FullCallback)
    i.HAL_CAN_RxFifo0MsgPendingCallback      0x08000f7c   Section        0  main.o(i.HAL_CAN_RxFifo0MsgPendingCallback)
    i.HAL_CAN_RxFifo1FullCallback            0x080010b4   Section        0  stm32f1xx_hal_can.o(i.HAL_CAN_RxFifo1FullCallback)
    i.HAL_CAN_RxFifo1MsgPendingCallback      0x080010b6   Section        0  stm32f1xx_hal_can.o(i.HAL_CAN_RxFifo1MsgPendingCallback)
    i.HAL_CAN_SleepCallback                  0x080010b8   Section        0  stm32f1xx_hal_can.o(i.HAL_CAN_SleepCallback)
    i.HAL_CAN_Start                          0x080010ba   Section        0  stm32f1xx_hal_can.o(i.HAL_CAN_Start)
    i.HAL_CAN_TxMailbox0AbortCallback        0x08001118   Section        0  stm32f1xx_hal_can.o(i.HAL_CAN_TxMailbox0AbortCallback)
    i.HAL_CAN_TxMailbox0CompleteCallback     0x0800111a   Section        0  stm32f1xx_hal_can.o(i.HAL_CAN_TxMailbox0CompleteCallback)
    i.HAL_CAN_TxMailbox1AbortCallback        0x0800111c   Section        0  stm32f1xx_hal_can.o(i.HAL_CAN_TxMailbox1AbortCallback)
    i.HAL_CAN_TxMailbox1CompleteCallback     0x0800111e   Section        0  stm32f1xx_hal_can.o(i.HAL_CAN_TxMailbox1CompleteCallback)
    i.HAL_CAN_TxMailbox2AbortCallback        0x08001120   Section        0  stm32f1xx_hal_can.o(i.HAL_CAN_TxMailbox2AbortCallback)
    i.HAL_CAN_TxMailbox2CompleteCallback     0x08001122   Section        0  stm32f1xx_hal_can.o(i.HAL_CAN_TxMailbox2CompleteCallback)
    i.HAL_CAN_WakeUpFromRxMsgCallback        0x08001124   Section        0  stm32f1xx_hal_can.o(i.HAL_CAN_WakeUpFromRxMsgCallback)
    i.HAL_Delay                              0x08001128   Section        0  stm32f1xx_hal.o(i.HAL_Delay)
    i.HAL_GPIO_Init                          0x08001150   Section        0  stm32f1xx_hal_gpio.o(i.HAL_GPIO_Init)
    i.HAL_GPIO_WritePin                      0x08001470   Section        0  stm32f1xx_hal_gpio.o(i.HAL_GPIO_WritePin)
    i.HAL_GetTick                            0x0800147c   Section        0  stm32f1xx_hal.o(i.HAL_GetTick)
    i.HAL_IncTick                            0x08001488   Section        0  stm32f1xx_hal.o(i.HAL_IncTick)
    i.HAL_Init                               0x080014a0   Section        0  stm32f1xx_hal.o(i.HAL_Init)
    i.HAL_InitTick                           0x080014c8   Section        0  stm32f1xx_hal.o(i.HAL_InitTick)
    i.HAL_MspInit                            0x08001514   Section        0  stm32f1xx_hal_msp.o(i.HAL_MspInit)
    i.HAL_NVIC_EnableIRQ                     0x08001568   Section        0  stm32f1xx_hal_cortex.o(i.HAL_NVIC_EnableIRQ)
    i.HAL_NVIC_SetPriority                   0x08001588   Section        0  stm32f1xx_hal_cortex.o(i.HAL_NVIC_SetPriority)
    i.HAL_NVIC_SetPriorityGrouping           0x08001604   Section        0  stm32f1xx_hal_cortex.o(i.HAL_NVIC_SetPriorityGrouping)
    i.HAL_RCC_ClockConfig                    0x0800162c   Section        0  stm32f1xx_hal_rcc.o(i.HAL_RCC_ClockConfig)
    i.HAL_RCC_GetSysClockFreq                0x080017b8   Section        0  stm32f1xx_hal_rcc.o(i.HAL_RCC_GetSysClockFreq)
    i.HAL_RCC_OscConfig                      0x0800184c   Section        0  stm32f1xx_hal_rcc.o(i.HAL_RCC_OscConfig)
    i.HAL_SYSTICK_Config                     0x08001cb0   Section        0  stm32f1xx_hal_cortex.o(i.HAL_SYSTICK_Config)
    i.HAL_TIMEx_BreakCallback                0x08001ce4   Section        0  stm32f1xx_hal_tim_ex.o(i.HAL_TIMEx_BreakCallback)
    i.HAL_TIMEx_CommutCallback               0x08001ce6   Section        0  stm32f1xx_hal_tim_ex.o(i.HAL_TIMEx_CommutCallback)
    i.HAL_TIMEx_ConfigBreakDeadTime          0x08001ce8   Section        0  stm32f1xx_hal_tim_ex.o(i.HAL_TIMEx_ConfigBreakDeadTime)
    i.HAL_TIMEx_MasterConfigSynchronization  0x08001d5c   Section        0  stm32f1xx_hal_tim_ex.o(i.HAL_TIMEx_MasterConfigSynchronization)
    i.HAL_TIM_Encoder_Init                   0x08001de0   Section        0  stm32f1xx_hal_tim.o(i.HAL_TIM_Encoder_Init)
    i.HAL_TIM_Encoder_MspInit                0x08001ea4   Section        0  stm32f1xx_hal_msp.o(i.HAL_TIM_Encoder_MspInit)
    i.HAL_TIM_Encoder_Start_IT               0x08001ff8   Section        0  stm32f1xx_hal_tim.o(i.HAL_TIM_Encoder_Start_IT)
    i.HAL_TIM_IC_CaptureCallback             0x080020f4   Section        0  stm32f1xx_hal_tim.o(i.HAL_TIM_IC_CaptureCallback)
    i.HAL_TIM_IRQHandler                     0x080020f6   Section        0  stm32f1xx_hal_tim.o(i.HAL_TIM_IRQHandler)
    i.HAL_TIM_MspPostInit                    0x0800228c   Section        0  stm32f1xx_hal_msp.o(i.HAL_TIM_MspPostInit)
    i.HAL_TIM_OC_DelayElapsedCallback        0x080022e4   Section        0  stm32f1xx_hal_tim.o(i.HAL_TIM_OC_DelayElapsedCallback)
    i.HAL_TIM_PWM_ConfigChannel              0x080022e6   Section        0  stm32f1xx_hal_tim.o(i.HAL_TIM_PWM_ConfigChannel)
    i.HAL_TIM_PWM_Init                       0x080023e2   Section        0  stm32f1xx_hal_tim.o(i.HAL_TIM_PWM_Init)
    i.HAL_TIM_PWM_MspInit                    0x08002448   Section        0  stm32f1xx_hal_msp.o(i.HAL_TIM_PWM_MspInit)
    i.HAL_TIM_PWM_PulseFinishedCallback      0x0800249c   Section        0  stm32f1xx_hal_tim.o(i.HAL_TIM_PWM_PulseFinishedCallback)
    i.HAL_TIM_PWM_Start                      0x080024a0   Section        0  stm32f1xx_hal_tim.o(i.HAL_TIM_PWM_Start)
    i.HAL_TIM_PeriodElapsedCallback          0x08002574   Section        0  stm32f1xx_hal_tim.o(i.HAL_TIM_PeriodElapsedCallback)
    i.HAL_TIM_TriggerCallback                0x08002576   Section        0  stm32f1xx_hal_tim.o(i.HAL_TIM_TriggerCallback)
    i.HardFault_Handler                      0x08002578   Section        0  stm32f1xx_it.o(i.HardFault_Handler)
    i.MX_CAN_Init                            0x0800257c   Section        0  main.o(i.MX_CAN_Init)
    MX_CAN_Init                              0x0800257d   Thumb Code   100  main.o(i.MX_CAN_Init)
    i.MX_GPIO_Init                           0x080025ec   Section        0  main.o(i.MX_GPIO_Init)
    MX_GPIO_Init                             0x080025ed   Thumb Code   228  main.o(i.MX_GPIO_Init)
    i.MX_TIM1_Init                           0x080026e0   Section        0  main.o(i.MX_TIM1_Init)
    MX_TIM1_Init                             0x080026e1   Thumb Code   198  main.o(i.MX_TIM1_Init)
    i.MX_TIM2_Init                           0x080027b0   Section        0  main.o(i.MX_TIM2_Init)
    MX_TIM2_Init                             0x080027b1   Thumb Code   116  main.o(i.MX_TIM2_Init)
    i.MX_TIM3_Init                           0x08002828   Section        0  main.o(i.MX_TIM3_Init)
    MX_TIM3_Init                             0x08002829   Thumb Code   114  main.o(i.MX_TIM3_Init)
    i.MX_TIM4_Init                           0x080028a4   Section        0  main.o(i.MX_TIM4_Init)
    MX_TIM4_Init                             0x080028a5   Thumb Code   114  main.o(i.MX_TIM4_Init)
    i.MemManage_Handler                      0x08002920   Section        0  stm32f1xx_it.o(i.MemManage_Handler)
    i.NMI_Handler                            0x08002924   Section        0  stm32f1xx_it.o(i.NMI_Handler)
    i.PendSV_Handler                         0x08002928   Section        0  stm32f1xx_it.o(i.PendSV_Handler)
    i.RCC_Delay                              0x0800292c   Section        0  stm32f1xx_hal_rcc.o(i.RCC_Delay)
    RCC_Delay                                0x0800292d   Thumb Code    36  stm32f1xx_hal_rcc.o(i.RCC_Delay)
    i.SVC_Handler                            0x08002954   Section        0  stm32f1xx_it.o(i.SVC_Handler)
    i.Stop                                   0x08002958   Section        0  main.o(i.Stop)
    i.SysTick_Handler                        0x080029dc   Section        0  stm32f1xx_it.o(i.SysTick_Handler)
    i.SystemClock_Config                     0x080029e4   Section        0  main.o(i.SystemClock_Config)
    i.SystemInit                             0x08002a46   Section        0  system_stm32f1xx.o(i.SystemInit)
    i.TIM1_BRK_IRQHandler                    0x08002a48   Section        0  stm32f1xx_it.o(i.TIM1_BRK_IRQHandler)
    i.TIM1_UP_IRQHandler                     0x08002a58   Section        0  stm32f1xx_it.o(i.TIM1_UP_IRQHandler)
    i.TIM2_IRQHandler                        0x08002a68   Section        0  stm32f1xx_it.o(i.TIM2_IRQHandler)
    i.TIM3_IRQHandler                        0x08002a78   Section        0  stm32f1xx_it.o(i.TIM3_IRQHandler)
    i.TIM4_IRQHandler                        0x08002a88   Section        0  stm32f1xx_it.o(i.TIM4_IRQHandler)
    i.TIM_Base_SetConfig                     0x08002a98   Section        0  stm32f1xx_hal_tim.o(i.TIM_Base_SetConfig)
    i.TIM_CCxChannelCmd                      0x08002b0c   Section        0  stm32f1xx_hal_tim.o(i.TIM_CCxChannelCmd)
    i.TIM_OC1_SetConfig                      0x08002b30   Section        0  stm32f1xx_hal_tim.o(i.TIM_OC1_SetConfig)
    TIM_OC1_SetConfig                        0x08002b31   Thumb Code    90  stm32f1xx_hal_tim.o(i.TIM_OC1_SetConfig)
    i.TIM_OC2_SetConfig                      0x08002b90   Section        0  stm32f1xx_hal_tim.o(i.TIM_OC2_SetConfig)
    i.TIM_OC3_SetConfig                      0x08002bf8   Section        0  stm32f1xx_hal_tim.o(i.TIM_OC3_SetConfig)
    TIM_OC3_SetConfig                        0x08002bf9   Thumb Code    98  stm32f1xx_hal_tim.o(i.TIM_OC3_SetConfig)
    i.TIM_OC4_SetConfig                      0x08002c60   Section        0  stm32f1xx_hal_tim.o(i.TIM_OC4_SetConfig)
    TIM_OC4_SetConfig                        0x08002c61   Thumb Code    68  stm32f1xx_hal_tim.o(i.TIM_OC4_SetConfig)
    i.USB_LP_CAN1_RX0_IRQHandler             0x08002ca8   Section        0  stm32f1xx_it.o(i.USB_LP_CAN1_RX0_IRQHandler)
    i.UsageFault_Handler                     0x08002cb8   Section        0  stm32f1xx_it.o(i.UsageFault_Handler)
    i.__ARM_fpclassify                       0x08002cbc   Section        0  fpclassify.o(i.__ARM_fpclassify)
    i.__NVIC_GetPriorityGrouping             0x08002ce4   Section        0  stm32f1xx_hal_cortex.o(i.__NVIC_GetPriorityGrouping)
    __NVIC_GetPriorityGrouping               0x08002ce5   Thumb Code    10  stm32f1xx_hal_cortex.o(i.__NVIC_GetPriorityGrouping)
    i.__NVIC_SetPriority                     0x08002cf4   Section        0  stm32f1xx_hal_cortex.o(i.__NVIC_SetPriority)
    __NVIC_SetPriority                       0x08002cf5   Thumb Code    32  stm32f1xx_hal_cortex.o(i.__NVIC_SetPriority)
    i.__ieee754_rem_pio2                     0x08002d1c   Section        0  rred.o(i.__ieee754_rem_pio2)
    i.__kernel_cos                           0x080030a4   Section        0  cos_i.o(i.__kernel_cos)
    i.__kernel_poly                          0x080031a0   Section        0  poly.o(i.__kernel_poly)
    i.__kernel_sin                           0x0800324c   Section        0  sin_i.o(i.__kernel_sin)
    i.__mathlib_dbl_infnan                   0x08003338   Section        0  dunder.o(i.__mathlib_dbl_infnan)
    i.__mathlib_dbl_invalid                  0x0800333e   Section        0  dunder.o(i.__mathlib_dbl_invalid)
    i.__mathlib_dbl_underflow                0x0800334c   Section        0  dunder.o(i.__mathlib_dbl_underflow)
    i.acos                                   0x0800335c   Section        0  acos.o(i.acos)
    i.cos                                    0x080035d8   Section        0  cos.o(i.cos)
    i.ctl_Vel                                0x08003674   Section        0  main.o(i.ctl_Vel)
    i.main                                   0x08003954   Section        0  main.o(i.main)
    i.readEncoder                            0x08003bc8   Section        0  main.o(i.readEncoder)
    i.sin                                    0x08003c30   Section        0  sin.o(i.sin)
    i.sqrt                                   0x08003cd0   Section        0  sqrt.o(i.sqrt)
    x$fpl$d2f                                0x08003d1c   Section       98  d2f.o(x$fpl$d2f)
    x$fpl$dadd                               0x08003d80   Section      336  daddsub_clz.o(x$fpl$dadd)
    _dadd1                                   0x08003d91   Thumb Code     0  daddsub_clz.o(x$fpl$dadd)
    x$fpl$dcheck1                            0x08003ed0   Section       16  dcheck1.o(x$fpl$dcheck1)
    x$fpl$ddiv                               0x08003ee0   Section      688  ddiv.o(x$fpl$ddiv)
    ddiv_entry                               0x08003ee7   Thumb Code     0  ddiv.o(x$fpl$ddiv)
    x$fpl$dfix                               0x08004190   Section       94  dfix.o(x$fpl$dfix)
    x$fpl$dflt                               0x080041ee   Section       46  dflt_clz.o(x$fpl$dflt)
    x$fpl$dfltu                              0x0800421c   Section       38  dflt_clz.o(x$fpl$dfltu)
    x$fpl$dmul                               0x08004244   Section      340  dmul.o(x$fpl$dmul)
    x$fpl$dnaninf                            0x08004398   Section      156  dnaninf.o(x$fpl$dnaninf)
    x$fpl$dretinf                            0x08004434   Section       12  dretinf.o(x$fpl$dretinf)
    x$fpl$drsb                               0x08004440   Section       22  daddsub_clz.o(x$fpl$drsb)
    x$fpl$dsqrt                              0x08004458   Section      460  dsqrt_noumaal.o(x$fpl$dsqrt)
    x$fpl$dsub                               0x08004624   Section      468  daddsub_clz.o(x$fpl$dsub)
    _dsub1                                   0x08004635   Thumb Code     0  daddsub_clz.o(x$fpl$dsub)
    x$fpl$f2d                                0x080047f8   Section       86  f2d.o(x$fpl$f2d)
    x$fpl$fadd                               0x08004850   Section      196  faddsub_clz.o(x$fpl$fadd)
    _fadd1                                   0x0800485f   Thumb Code     0  faddsub_clz.o(x$fpl$fadd)
    x$fpl$fcmpinf                            0x08004914   Section       24  fcmpi.o(x$fpl$fcmpinf)
    x$fpl$fdiv                               0x0800492c   Section      388  fdiv.o(x$fpl$fdiv)
    _fdiv1                                   0x0800492d   Thumb Code     0  fdiv.o(x$fpl$fdiv)
    x$fpl$ffix                               0x08004ab0   Section       54  ffix.o(x$fpl$ffix)
    x$fpl$ffixu                              0x08004ae8   Section       62  ffixu.o(x$fpl$ffixu)
    x$fpl$fflt                               0x08004b28   Section       48  fflt_clz.o(x$fpl$fflt)
    x$fpl$ffltu                              0x08004b58   Section       38  fflt_clz.o(x$fpl$ffltu)
    x$fpl$fleqf                              0x08004b80   Section      104  fleqf.o(x$fpl$fleqf)
    x$fpl$fmul                               0x08004be8   Section      258  fmul.o(x$fpl$fmul)
    x$fpl$fnaninf                            0x08004cea   Section      140  fnaninf.o(x$fpl$fnaninf)
    x$fpl$fretinf                            0x08004d76   Section       10  fretinf.o(x$fpl$fretinf)
    x$fpl$frleqf                             0x08004d80   Section       98  frleqf.o(x$fpl$frleqf)
    x$fpl$fsub                               0x08004de4   Section      234  faddsub_clz.o(x$fpl$fsub)
    _fsub1                                   0x08004df3   Thumb Code     0  faddsub_clz.o(x$fpl$fsub)
    x$fpl$retnan                             0x08004ece   Section      100  retnan.o(x$fpl$retnan)
    x$fpl$scalbn                             0x08004f32   Section       92  scalbn.o(x$fpl$scalbn)
    x$fpl$trapveneer                         0x08004f8e   Section       48  trapv.o(x$fpl$trapveneer)
    .constdata                               0x08004fbe   Section       24  system_stm32f1xx.o(.constdata)
    x$fpl$usenofp                            0x08004fbe   Section        0  usenofp.o(x$fpl$usenofp)
    .constdata                               0x08004fd8   Section       80  acos.o(.constdata)
    pS                                       0x08004fd8   Data          48  acos.o(.constdata)
    qS                                       0x08005008   Data          32  acos.o(.constdata)
    .constdata                               0x08005028   Section       48  cos_i.o(.constdata)
    C                                        0x08005028   Data          48  cos_i.o(.constdata)
    .constdata                               0x08005058   Section      200  rred.o(.constdata)
    pio2s                                    0x08005058   Data          48  rred.o(.constdata)
    twooverpi                                0x08005088   Data         152  rred.o(.constdata)
    .constdata                               0x08005120   Section       40  sin_i.o(.constdata)
    S                                        0x08005120   Data          40  sin_i.o(.constdata)
    .data                                    0x20000000   Section      116  main.o(.data)
    .data                                    0x20000074   Section        9  stm32f1xx_hal.o(.data)
    .data                                    0x20000080   Section        4  system_stm32f1xx.o(.data)
    .bss                                     0x20000084   Section      580  main.o(.bss)
    .bss                                     0x200002c8   Section       96  libspace.o(.bss)
    HEAP                                     0x20000328   Section      512  startup_stm32f103xb.o(HEAP)
    Heap_Mem                                 0x20000328   Data         512  startup_stm32f103xb.o(HEAP)
    STACK                                    0x20000528   Section     1024  startup_stm32f103xb.o(STACK)
    Stack_Mem                                0x20000528   Data        1024  startup_stm32f103xb.o(STACK)
    __initial_sp                             0x20000928   Data           0  startup_stm32f103xb.o(STACK)

    Global Symbols

    Symbol Name                              Value     Ov Type        Size  Object(Section)

    BuildAttributes$$THM_ISAv4$P$D$K$B$S$PE$A:L22UL41UL21$X:L11$S22US41US21$IEEE1$IW$USESV6$~STKCKD$USESV7$~SHL$OTIME$ROPI$IEEEX$EBA8$UX$STANDARDLIB$REQ8$PRES8$EABIv2 0x00000000   Number         0  anon$$obj.o ABSOLUTE
    __ARM_use_no_argv                        0x00000000   Number         0  main.o ABSOLUTE
    __ARM_exceptions_init                     - Undefined Weak Reference
    __alloca_initialize                       - Undefined Weak Reference
    __arm_preinit_                            - Undefined Weak Reference
    __cpp_initialize__aeabi_                  - Undefined Weak Reference
    __cxa_finalize                            - Undefined Weak Reference
    __rt_locale                               - Undefined Weak Reference
    __sigvec_lookup                           - Undefined Weak Reference
    _atexit_init                              - Undefined Weak Reference
    _call_atexit_fns                          - Undefined Weak Reference
    _clock_init                               - Undefined Weak Reference
    _fp_trap_init                             - Undefined Weak Reference
    _fp_trap_shutdown                         - Undefined Weak Reference
    _get_lc_collate                           - Undefined Weak Reference
    _get_lc_ctype                             - Undefined Weak Reference
    _get_lc_monetary                          - Undefined Weak Reference
    _get_lc_numeric                           - Undefined Weak Reference
    _get_lc_time                              - Undefined Weak Reference
    _getenv_init                              - Undefined Weak Reference
    _handle_redirection                       - Undefined Weak Reference
    _init_alloc                               - Undefined Weak Reference
    _init_user_alloc                          - Undefined Weak Reference
    _initio                                   - Undefined Weak Reference
    _rand_init                                - Undefined Weak Reference
    _signal_finish                            - Undefined Weak Reference
    _signal_init                              - Undefined Weak Reference
    _terminate_alloc                          - Undefined Weak Reference
    _terminate_user_alloc                     - Undefined Weak Reference
    _terminateio                              - Undefined Weak Reference
    __Vectors_Size                           0x000000ec   Number         0  startup_stm32f103xb.o ABSOLUTE
    __Vectors                                0x08000000   Data           4  startup_stm32f103xb.o(RESET)
    __Vectors_End                            0x080000ec   Data           0  startup_stm32f103xb.o(RESET)
    __main                                   0x080000ed   Thumb Code     8  __main.o(!!!main)
    __scatterload                            0x080000f5   Thumb Code     0  __scatter.o(!!!scatter)
    __scatterload_rt2                        0x080000f5   Thumb Code    44  __scatter.o(!!!scatter)
    __scatterload_rt2_thumb_only             0x080000f5   Thumb Code     0  __scatter.o(!!!scatter)
    __scatterload_null                       0x08000103   Thumb Code     0  __scatter.o(!!!scatter)
    __scatterload_copy                       0x08000129   Thumb Code    26  __scatter_copy.o(!!handler_copy)
    __scatterload_zeroinit                   0x08000145   Thumb Code    28  __scatter_zi.o(!!handler_zi)
    __rt_lib_init                            0x08000161   Thumb Code     0  libinit.o(.ARM.Collect$$libinit$$00000000)
    __rt_lib_init_alloca_1                   0x08000163   Thumb Code     0  libinit2.o(.ARM.Collect$$libinit$$0000002E)
    __rt_lib_init_argv_1                     0x08000163   Thumb Code     0  libinit2.o(.ARM.Collect$$libinit$$0000002C)
    __rt_lib_init_atexit_1                   0x08000163   Thumb Code     0  libinit2.o(.ARM.Collect$$libinit$$0000001B)
    __rt_lib_init_clock_1                    0x08000163   Thumb Code     0  libinit2.o(.ARM.Collect$$libinit$$00000021)
    __rt_lib_init_cpp_1                      0x08000163   Thumb Code     0  libinit2.o(.ARM.Collect$$libinit$$00000032)
    __rt_lib_init_exceptions_1               0x08000163   Thumb Code     0  libinit2.o(.ARM.Collect$$libinit$$00000030)
    __rt_lib_init_fp_1                       0x08000163   Thumb Code     0  libinit2.o(.ARM.Collect$$libinit$$00000002)
    __rt_lib_init_fp_trap_1                  0x08000163   Thumb Code     0  libinit2.o(.ARM.Collect$$libinit$$0000001F)
    __rt_lib_init_getenv_1                   0x08000163   Thumb Code     0  libinit2.o(.ARM.Collect$$libinit$$00000023)
    __rt_lib_init_heap_1                     0x08000163   Thumb Code     0  libinit2.o(.ARM.Collect$$libinit$$0000000A)
    __rt_lib_init_lc_collate_1               0x08000163   Thumb Code     0  libinit2.o(.ARM.Collect$$libinit$$00000011)
    __rt_lib_init_lc_ctype_1                 0x08000163   Thumb Code     0  libinit2.o(.ARM.Collect$$libinit$$00000013)
    __rt_lib_init_lc_monetary_1              0x08000163   Thumb Code     0  libinit2.o(.ARM.Collect$$libinit$$00000015)
    __rt_lib_init_lc_numeric_1               0x08000163   Thumb Code     0  libinit2.o(.ARM.Collect$$libinit$$00000017)
    __rt_lib_init_lc_time_1                  0x08000163   Thumb Code     0  libinit2.o(.ARM.Collect$$libinit$$00000019)
    __rt_lib_init_preinit_1                  0x08000163   Thumb Code     0  libinit2.o(.ARM.Collect$$libinit$$00000004)
    __rt_lib_init_rand_1                     0x08000163   Thumb Code     0  libinit2.o(.ARM.Collect$$libinit$$0000000E)
    __rt_lib_init_return                     0x08000163   Thumb Code     0  libinit2.o(.ARM.Collect$$libinit$$00000033)
    __rt_lib_init_signal_1                   0x08000163   Thumb Code     0  libinit2.o(.ARM.Collect$$libinit$$0000001D)
    __rt_lib_init_stdio_1                    0x08000163   Thumb Code     0  libinit2.o(.ARM.Collect$$libinit$$00000025)
    __rt_lib_init_user_alloc_1               0x08000163   Thumb Code     0  libinit2.o(.ARM.Collect$$libinit$$0000000C)
    __rt_lib_shutdown                        0x08000165   Thumb Code     0  libshutdown.o(.ARM.Collect$$libshutdown$$00000000)
    __rt_lib_shutdown_cpp_1                  0x08000167   Thumb Code     0  libshutdown2.o(.ARM.Collect$$libshutdown$$00000002)
    __rt_lib_shutdown_fp_trap_1              0x08000167   Thumb Code     0  libshutdown2.o(.ARM.Collect$$libshutdown$$00000007)
    __rt_lib_shutdown_heap_1                 0x08000167   Thumb Code     0  libshutdown2.o(.ARM.Collect$$libshutdown$$0000000F)
    __rt_lib_shutdown_return                 0x08000167   Thumb Code     0  libshutdown2.o(.ARM.Collect$$libshutdown$$00000010)
    __rt_lib_shutdown_signal_1               0x08000167   Thumb Code     0  libshutdown2.o(.ARM.Collect$$libshutdown$$0000000A)
    __rt_lib_shutdown_stdio_1                0x08000167   Thumb Code     0  libshutdown2.o(.ARM.Collect$$libshutdown$$00000004)
    __rt_lib_shutdown_user_alloc_1           0x08000167   Thumb Code     0  libshutdown2.o(.ARM.Collect$$libshutdown$$0000000C)
    __rt_entry                               0x08000169   Thumb Code     0  __rtentry.o(.ARM.Collect$$rtentry$$00000000)
    __rt_entry_presh_1                       0x08000169   Thumb Code     0  __rtentry2.o(.ARM.Collect$$rtentry$$00000002)
    __rt_entry_sh                            0x08000169   Thumb Code     0  __rtentry4.o(.ARM.Collect$$rtentry$$00000004)
    __rt_entry_li                            0x0800016f   Thumb Code     0  __rtentry2.o(.ARM.Collect$$rtentry$$0000000A)
    __rt_entry_postsh_1                      0x0800016f   Thumb Code     0  __rtentry2.o(.ARM.Collect$$rtentry$$00000009)
    __rt_entry_main                          0x08000173   Thumb Code     0  __rtentry2.o(.ARM.Collect$$rtentry$$0000000D)
    __rt_entry_postli_1                      0x08000173   Thumb Code     0  __rtentry2.o(.ARM.Collect$$rtentry$$0000000C)
    __rt_exit                                0x0800017b   Thumb Code     0  rtexit.o(.ARM.Collect$$rtexit$$00000000)
    __rt_exit_ls                             0x0800017d   Thumb Code     0  rtexit2.o(.ARM.Collect$$rtexit$$00000003)
    __rt_exit_prels_1                        0x0800017d   Thumb Code     0  rtexit2.o(.ARM.Collect$$rtexit$$00000002)
    __rt_exit_exit                           0x08000181   Thumb Code     0  rtexit2.o(.ARM.Collect$$rtexit$$00000004)
    Reset_Handler                            0x08000189   Thumb Code     8  startup_stm32f103xb.o(.text)
    ADC1_2_IRQHandler                        0x080001a3   Thumb Code     0  startup_stm32f103xb.o(.text)
    CAN1_RX1_IRQHandler                      0x080001a3   Thumb Code     0  startup_stm32f103xb.o(.text)
    CAN1_SCE_IRQHandler                      0x080001a3   Thumb Code     0  startup_stm32f103xb.o(.text)
    DMA1_Channel1_IRQHandler                 0x080001a3   Thumb Code     0  startup_stm32f103xb.o(.text)
    DMA1_Channel2_IRQHandler                 0x080001a3   Thumb Code     0  startup_stm32f103xb.o(.text)
    DMA1_Channel3_IRQHandler                 0x080001a3   Thumb Code     0  startup_stm32f103xb.o(.text)
    DMA1_Channel4_IRQHandler                 0x080001a3   Thumb Code     0  startup_stm32f103xb.o(.text)
    DMA1_Channel5_IRQHandler                 0x080001a3   Thumb Code     0  startup_stm32f103xb.o(.text)
    DMA1_Channel6_IRQHandler                 0x080001a3   Thumb Code     0  startup_stm32f103xb.o(.text)
    DMA1_Channel7_IRQHandler                 0x080001a3   Thumb Code     0  startup_stm32f103xb.o(.text)
    EXTI0_IRQHandler                         0x080001a3   Thumb Code     0  startup_stm32f103xb.o(.text)
    EXTI15_10_IRQHandler                     0x080001a3   Thumb Code     0  startup_stm32f103xb.o(.text)
    EXTI1_IRQHandler                         0x080001a3   Thumb Code     0  startup_stm32f103xb.o(.text)
    EXTI2_IRQHandler                         0x080001a3   Thumb Code     0  startup_stm32f103xb.o(.text)
    EXTI3_IRQHandler                         0x080001a3   Thumb Code     0  startup_stm32f103xb.o(.text)
    EXTI4_IRQHandler                         0x080001a3   Thumb Code     0  startup_stm32f103xb.o(.text)
    EXTI9_5_IRQHandler                       0x080001a3   Thumb Code     0  startup_stm32f103xb.o(.text)
    FLASH_IRQHandler                         0x080001a3   Thumb Code     0  startup_stm32f103xb.o(.text)
    I2C1_ER_IRQHandler                       0x080001a3   Thumb Code     0  startup_stm32f103xb.o(.text)
    I2C1_EV_IRQHandler                       0x080001a3   Thumb Code     0  startup_stm32f103xb.o(.text)
    I2C2_ER_IRQHandler                       0x080001a3   Thumb Code     0  startup_stm32f103xb.o(.text)
    I2C2_EV_IRQHandler                       0x080001a3   Thumb Code     0  startup_stm32f103xb.o(.text)
    PVD_IRQHandler                           0x080001a3   Thumb Code     0  startup_stm32f103xb.o(.text)
    RCC_IRQHandler                           0x080001a3   Thumb Code     0  startup_stm32f103xb.o(.text)
    RTC_Alarm_IRQHandler                     0x080001a3   Thumb Code     0  startup_stm32f103xb.o(.text)
    RTC_IRQHandler                           0x080001a3   Thumb Code     0  startup_stm32f103xb.o(.text)
    SPI1_IRQHandler                          0x080001a3   Thumb Code     0  startup_stm32f103xb.o(.text)
    SPI2_IRQHandler                          0x080001a3   Thumb Code     0  startup_stm32f103xb.o(.text)
    TAMPER_IRQHandler                        0x080001a3   Thumb Code     0  startup_stm32f103xb.o(.text)
    TIM1_CC_IRQHandler                       0x080001a3   Thumb Code     0  startup_stm32f103xb.o(.text)
    TIM1_TRG_COM_IRQHandler                  0x080001a3   Thumb Code     0  startup_stm32f103xb.o(.text)
    USART1_IRQHandler                        0x080001a3   Thumb Code     0  startup_stm32f103xb.o(.text)
    USART2_IRQHandler                        0x080001a3   Thumb Code     0  startup_stm32f103xb.o(.text)
    USART3_IRQHandler                        0x080001a3   Thumb Code     0  startup_stm32f103xb.o(.text)
    USBWakeUp_IRQHandler                     0x080001a3   Thumb Code     0  startup_stm32f103xb.o(.text)
    USB_HP_CAN1_TX_IRQHandler                0x080001a3   Thumb Code     0  startup_stm32f103xb.o(.text)
    WWDG_IRQHandler                          0x080001a3   Thumb Code     0  startup_stm32f103xb.o(.text)
    __user_initial_stackheap                 0x080001a5   Thumb Code     0  startup_stm32f103xb.o(.text)
    __aeabi_memclr4                          0x080001c9   Thumb Code     0  rt_memclr_w.o(.text)
    __aeabi_memclr8                          0x080001c9   Thumb Code     0  rt_memclr_w.o(.text)
    __rt_memclr_w                            0x080001c9   Thumb Code    78  rt_memclr_w.o(.text)
    _memset_w                                0x080001cd   Thumb Code     0  rt_memclr_w.o(.text)
    __use_two_region_memory                  0x08000217   Thumb Code     2  heapauxi.o(.text)
    __rt_heap_escrow$2region                 0x08000219   Thumb Code     2  heapauxi.o(.text)
    __rt_heap_expand$2region                 0x0800021b   Thumb Code     2  heapauxi.o(.text)
    __read_errno                             0x0800021d   Thumb Code    10  _rserrno.o(.text)
    __set_errno                              0x08000227   Thumb Code    12  _rserrno.o(.text)
    __aeabi_errno_addr                       0x08000235   Thumb Code     8  rt_errno_addr_intlibspace.o(.text)
    __errno$intlibspace                      0x08000235   Thumb Code     0  rt_errno_addr_intlibspace.o(.text)
    __rt_errno_addr$intlibspace              0x08000235   Thumb Code     0  rt_errno_addr_intlibspace.o(.text)
    __user_libspace                          0x0800023d   Thumb Code     8  libspace.o(.text)
    __user_perproc_libspace                  0x0800023d   Thumb Code     0  libspace.o(.text)
    __user_perthread_libspace                0x0800023d   Thumb Code     0  libspace.o(.text)
    __user_setup_stackheap                   0x08000245   Thumb Code    74  sys_stackheap_outer.o(.text)
    exit                                     0x0800028f   Thumb Code    18  exit.o(.text)
    _sys_exit                                0x080002a1   Thumb Code     8  sys_exit.o(.text)
    __I$use$semihosting                      0x080002ad   Thumb Code     0  use_no_semi.o(.text)
    __use_no_semihosting_swi                 0x080002ad   Thumb Code     2  use_no_semi.o(.text)
    __semihosting_library_function           0x080002af   Thumb Code     0  indicate_semi.o(.text)
    Backward                                 0x080002b1   Thumb Code   124  main.o(i.Backward)
    BusFault_Handler                         0x08000339   Thumb Code     4  stm32f1xx_it.o(i.BusFault_Handler)
    CAN_Send                                 0x0800033d   Thumb Code    52  main.o(i.CAN_Send)
    Ctl_Pos                                  0x08000381   Thumb Code   628  main.o(i.Ctl_Pos)
    DebugMon_Handler                         0x08000651   Thumb Code     2  stm32f1xx_it.o(i.DebugMon_Handler)
    Error_Handler                            0x08000653   Thumb Code     6  main.o(i.Error_Handler)
    Forward                                  0x08000659   Thumb Code   124  main.o(i.Forward)
    HAL_CAN_ActivateNotification             0x080006e1   Thumb Code    42  stm32f1xx_hal_can.o(i.HAL_CAN_ActivateNotification)
    HAL_CAN_AddTxMessage                     0x0800070b   Thumb Code   342  stm32f1xx_hal_can.o(i.HAL_CAN_AddTxMessage)
    HAL_CAN_ConfigFilter                     0x08000861   Thumb Code   266  stm32f1xx_hal_can.o(i.HAL_CAN_ConfigFilter)
    HAL_CAN_ErrorCallback                    0x0800096b   Thumb Code     2  stm32f1xx_hal_can.o(i.HAL_CAN_ErrorCallback)
    HAL_CAN_GetRxMessage                     0x0800096d   Thumb Code   378  stm32f1xx_hal_can.o(i.HAL_CAN_GetRxMessage)
    HAL_CAN_GetTxMailboxesFreeLevel          0x08000ae7   Thumb Code    54  stm32f1xx_hal_can.o(i.HAL_CAN_GetTxMailboxesFreeLevel)
    HAL_CAN_IRQHandler                       0x08000b1d   Thumb Code   590  stm32f1xx_hal_can.o(i.HAL_CAN_IRQHandler)
    HAL_CAN_Init                             0x08000d6b   Thumb Code   372  stm32f1xx_hal_can.o(i.HAL_CAN_Init)
    HAL_CAN_MspInit                          0x08000ee1   Thumb Code   140  stm32f1xx_hal_msp.o(i.HAL_CAN_MspInit)
    HAL_CAN_RxFifo0FullCallback              0x08000f79   Thumb Code     2  stm32f1xx_hal_can.o(i.HAL_CAN_RxFifo0FullCallback)
    HAL_CAN_RxFifo0MsgPendingCallback        0x08000f7d   Thumb Code   242  main.o(i.HAL_CAN_RxFifo0MsgPendingCallback)
    HAL_CAN_RxFifo1FullCallback              0x080010b5   Thumb Code     2  stm32f1xx_hal_can.o(i.HAL_CAN_RxFifo1FullCallback)
    HAL_CAN_RxFifo1MsgPendingCallback        0x080010b7   Thumb Code     2  stm32f1xx_hal_can.o(i.HAL_CAN_RxFifo1MsgPendingCallback)
    HAL_CAN_SleepCallback                    0x080010b9   Thumb Code     2  stm32f1xx_hal_can.o(i.HAL_CAN_SleepCallback)
    HAL_CAN_Start                            0x080010bb   Thumb Code    94  stm32f1xx_hal_can.o(i.HAL_CAN_Start)
    HAL_CAN_TxMailbox0AbortCallback          0x08001119   Thumb Code     2  stm32f1xx_hal_can.o(i.HAL_CAN_TxMailbox0AbortCallback)
    HAL_CAN_TxMailbox0CompleteCallback       0x0800111b   Thumb Code     2  stm32f1xx_hal_can.o(i.HAL_CAN_TxMailbox0CompleteCallback)
    HAL_CAN_TxMailbox1AbortCallback          0x0800111d   Thumb Code     2  stm32f1xx_hal_can.o(i.HAL_CAN_TxMailbox1AbortCallback)
    HAL_CAN_TxMailbox1CompleteCallback       0x0800111f   Thumb Code     2  stm32f1xx_hal_can.o(i.HAL_CAN_TxMailbox1CompleteCallback)
    HAL_CAN_TxMailbox2AbortCallback          0x08001121   Thumb Code     2  stm32f1xx_hal_can.o(i.HAL_CAN_TxMailbox2AbortCallback)
    HAL_CAN_TxMailbox2CompleteCallback       0x08001123   Thumb Code     2  stm32f1xx_hal_can.o(i.HAL_CAN_TxMailbox2CompleteCallback)
    HAL_CAN_WakeUpFromRxMsgCallback          0x08001125   Thumb Code     2  stm32f1xx_hal_can.o(i.HAL_CAN_WakeUpFromRxMsgCallback)
    HAL_Delay                                0x08001129   Thumb Code    36  stm32f1xx_hal.o(i.HAL_Delay)
    HAL_GPIO_Init                            0x08001151   Thumb Code   766  stm32f1xx_hal_gpio.o(i.HAL_GPIO_Init)
    HAL_GPIO_WritePin                        0x08001471   Thumb Code    12  stm32f1xx_hal_gpio.o(i.HAL_GPIO_WritePin)
    HAL_GetTick                              0x0800147d   Thumb Code     6  stm32f1xx_hal.o(i.HAL_GetTick)
    HAL_IncTick                              0x08001489   Thumb Code    16  stm32f1xx_hal.o(i.HAL_IncTick)
    HAL_Init                                 0x080014a1   Thumb Code    34  stm32f1xx_hal.o(i.HAL_Init)
    HAL_InitTick                             0x080014c9   Thumb Code    64  stm32f1xx_hal.o(i.HAL_InitTick)
    HAL_MspInit                              0x08001515   Thumb Code    76  stm32f1xx_hal_msp.o(i.HAL_MspInit)
    HAL_NVIC_EnableIRQ                       0x08001569   Thumb Code    32  stm32f1xx_hal_cortex.o(i.HAL_NVIC_EnableIRQ)
    HAL_NVIC_SetPriority                     0x08001589   Thumb Code   124  stm32f1xx_hal_cortex.o(i.HAL_NVIC_SetPriority)
    HAL_NVIC_SetPriorityGrouping             0x08001605   Thumb Code    32  stm32f1xx_hal_cortex.o(i.HAL_NVIC_SetPriorityGrouping)
    HAL_RCC_ClockConfig                      0x0800162d   Thumb Code   376  stm32f1xx_hal_rcc.o(i.HAL_RCC_ClockConfig)
    HAL_RCC_GetSysClockFreq                  0x080017b9   Thumb Code   116  stm32f1xx_hal_rcc.o(i.HAL_RCC_GetSysClockFreq)
    HAL_RCC_OscConfig                        0x0800184d   Thumb Code  1114  stm32f1xx_hal_rcc.o(i.HAL_RCC_OscConfig)
    HAL_SYSTICK_Config                       0x08001cb1   Thumb Code    52  stm32f1xx_hal_cortex.o(i.HAL_SYSTICK_Config)
    HAL_TIMEx_BreakCallback                  0x08001ce5   Thumb Code     2  stm32f1xx_hal_tim_ex.o(i.HAL_TIMEx_BreakCallback)
    HAL_TIMEx_CommutCallback                 0x08001ce7   Thumb Code     2  stm32f1xx_hal_tim_ex.o(i.HAL_TIMEx_CommutCallback)
    HAL_TIMEx_ConfigBreakDeadTime            0x08001ce9   Thumb Code   116  stm32f1xx_hal_tim_ex.o(i.HAL_TIMEx_ConfigBreakDeadTime)
    HAL_TIMEx_MasterConfigSynchronization    0x08001d5d   Thumb Code   118  stm32f1xx_hal_tim_ex.o(i.HAL_TIMEx_MasterConfigSynchronization)
    HAL_TIM_Encoder_Init                     0x08001de1   Thumb Code   196  stm32f1xx_hal_tim.o(i.HAL_TIM_Encoder_Init)
    HAL_TIM_Encoder_MspInit                  0x08001ea5   Thumb Code   318  stm32f1xx_hal_msp.o(i.HAL_TIM_Encoder_MspInit)
    HAL_TIM_Encoder_Start_IT                 0x08001ff9   Thumb Code   252  stm32f1xx_hal_tim.o(i.HAL_TIM_Encoder_Start_IT)
    HAL_TIM_IC_CaptureCallback               0x080020f5   Thumb Code     2  stm32f1xx_hal_tim.o(i.HAL_TIM_IC_CaptureCallback)
    HAL_TIM_IRQHandler                       0x080020f7   Thumb Code   406  stm32f1xx_hal_tim.o(i.HAL_TIM_IRQHandler)
    HAL_TIM_MspPostInit                      0x0800228d   Thumb Code    76  stm32f1xx_hal_msp.o(i.HAL_TIM_MspPostInit)
    HAL_TIM_OC_DelayElapsedCallback          0x080022e5   Thumb Code     2  stm32f1xx_hal_tim.o(i.HAL_TIM_OC_DelayElapsedCallback)
    HAL_TIM_PWM_ConfigChannel                0x080022e7   Thumb Code   252  stm32f1xx_hal_tim.o(i.HAL_TIM_PWM_ConfigChannel)
    HAL_TIM_PWM_Init                         0x080023e3   Thumb Code   102  stm32f1xx_hal_tim.o(i.HAL_TIM_PWM_Init)
    HAL_TIM_PWM_MspInit                      0x08002449   Thumb Code    74  stm32f1xx_hal_msp.o(i.HAL_TIM_PWM_MspInit)
    HAL_TIM_PWM_PulseFinishedCallback        0x0800249d   Thumb Code     2  stm32f1xx_hal_tim.o(i.HAL_TIM_PWM_PulseFinishedCallback)
    HAL_TIM_PWM_Start                        0x080024a1   Thumb Code   198  stm32f1xx_hal_tim.o(i.HAL_TIM_PWM_Start)
    HAL_TIM_PeriodElapsedCallback            0x08002575   Thumb Code     2  stm32f1xx_hal_tim.o(i.HAL_TIM_PeriodElapsedCallback)
    HAL_TIM_TriggerCallback                  0x08002577   Thumb Code     2  stm32f1xx_hal_tim.o(i.HAL_TIM_TriggerCallback)
    HardFault_Handler                        0x08002579   Thumb Code     4  stm32f1xx_it.o(i.HardFault_Handler)
    MemManage_Handler                        0x08002921   Thumb Code     4  stm32f1xx_it.o(i.MemManage_Handler)
    NMI_Handler                              0x08002925   Thumb Code     4  stm32f1xx_it.o(i.NMI_Handler)
    PendSV_Handler                           0x08002929   Thumb Code     2  stm32f1xx_it.o(i.PendSV_Handler)
    SVC_Handler                              0x08002955   Thumb Code     2  stm32f1xx_it.o(i.SVC_Handler)
    Stop                                     0x08002959   Thumb Code   110  main.o(i.Stop)
    SysTick_Handler                          0x080029dd   Thumb Code     8  stm32f1xx_it.o(i.SysTick_Handler)
    SystemClock_Config                       0x080029e5   Thumb Code    98  main.o(i.SystemClock_Config)
    SystemInit                               0x08002a47   Thumb Code     2  system_stm32f1xx.o(i.SystemInit)
    TIM1_BRK_IRQHandler                      0x08002a49   Thumb Code    10  stm32f1xx_it.o(i.TIM1_BRK_IRQHandler)
    TIM1_UP_IRQHandler                       0x08002a59   Thumb Code    10  stm32f1xx_it.o(i.TIM1_UP_IRQHandler)
    TIM2_IRQHandler                          0x08002a69   Thumb Code    10  stm32f1xx_it.o(i.TIM2_IRQHandler)
    TIM3_IRQHandler                          0x08002a79   Thumb Code    10  stm32f1xx_it.o(i.TIM3_IRQHandler)
    TIM4_IRQHandler                          0x08002a89   Thumb Code    10  stm32f1xx_it.o(i.TIM4_IRQHandler)
    TIM_Base_SetConfig                       0x08002a99   Thumb Code   104  stm32f1xx_hal_tim.o(i.TIM_Base_SetConfig)
    TIM_CCxChannelCmd                        0x08002b0d   Thumb Code    34  stm32f1xx_hal_tim.o(i.TIM_CCxChannelCmd)
    TIM_OC2_SetConfig                        0x08002b91   Thumb Code   100  stm32f1xx_hal_tim.o(i.TIM_OC2_SetConfig)
    USB_LP_CAN1_RX0_IRQHandler               0x08002ca9   Thumb Code    10  stm32f1xx_it.o(i.USB_LP_CAN1_RX0_IRQHandler)
    UsageFault_Handler                       0x08002cb9   Thumb Code     4  stm32f1xx_it.o(i.UsageFault_Handler)
    __ARM_fpclassify                         0x08002cbd   Thumb Code    40  fpclassify.o(i.__ARM_fpclassify)
    __ieee754_rem_pio2                       0x08002d1d   Thumb Code   828  rred.o(i.__ieee754_rem_pio2)
    __kernel_cos                             0x080030a5   Thumb Code   230  cos_i.o(i.__kernel_cos)
    __kernel_poly                            0x080031a1   Thumb Code   170  poly.o(i.__kernel_poly)
    __kernel_sin                             0x0800324d   Thumb Code   224  sin_i.o(i.__kernel_sin)
    __mathlib_dbl_infnan                     0x08003339   Thumb Code     6  dunder.o(i.__mathlib_dbl_infnan)
    __mathlib_dbl_invalid                    0x0800333f   Thumb Code    12  dunder.o(i.__mathlib_dbl_invalid)
    __mathlib_dbl_underflow                  0x0800334d   Thumb Code    10  dunder.o(i.__mathlib_dbl_underflow)
    acos                                     0x0800335d   Thumb Code   574  acos.o(i.acos)
    cos                                      0x080035d9   Thumb Code   148  cos.o(i.cos)
    ctl_Vel                                  0x08003675   Thumb Code   680  main.o(i.ctl_Vel)
    main                                     0x08003955   Thumb Code   556  main.o(i.main)
    readEncoder                              0x08003bc9   Thumb Code    88  main.o(i.readEncoder)
    sin                                      0x08003c31   Thumb Code   150  sin.o(i.sin)
    sqrt                                     0x08003cd1   Thumb Code    76  sqrt.o(i.sqrt)
    __aeabi_d2f                              0x08003d1d   Thumb Code     0  d2f.o(x$fpl$d2f)
    _d2f                                     0x08003d1d   Thumb Code    98  d2f.o(x$fpl$d2f)
    __aeabi_dadd                             0x08003d81   Thumb Code     0  daddsub_clz.o(x$fpl$dadd)
    _dadd                                    0x08003d81   Thumb Code   332  daddsub_clz.o(x$fpl$dadd)
    __fpl_dcheck_NaN1                        0x08003ed1   Thumb Code    10  dcheck1.o(x$fpl$dcheck1)
    __aeabi_ddiv                             0x08003ee1   Thumb Code     0  ddiv.o(x$fpl$ddiv)
    _ddiv                                    0x08003ee1   Thumb Code   552  ddiv.o(x$fpl$ddiv)
    __aeabi_d2iz                             0x08004191   Thumb Code     0  dfix.o(x$fpl$dfix)
    _dfix                                    0x08004191   Thumb Code    94  dfix.o(x$fpl$dfix)
    __aeabi_i2d                              0x080041ef   Thumb Code     0  dflt_clz.o(x$fpl$dflt)
    _dflt                                    0x080041ef   Thumb Code    46  dflt_clz.o(x$fpl$dflt)
    __aeabi_ui2d                             0x0800421d   Thumb Code     0  dflt_clz.o(x$fpl$dfltu)
    _dfltu                                   0x0800421d   Thumb Code    38  dflt_clz.o(x$fpl$dfltu)
    __aeabi_dmul                             0x08004245   Thumb Code     0  dmul.o(x$fpl$dmul)
    _dmul                                    0x08004245   Thumb Code   332  dmul.o(x$fpl$dmul)
    __fpl_dnaninf                            0x08004399   Thumb Code   156  dnaninf.o(x$fpl$dnaninf)
    __fpl_dretinf                            0x08004435   Thumb Code    12  dretinf.o(x$fpl$dretinf)
    __aeabi_drsub                            0x08004441   Thumb Code     0  daddsub_clz.o(x$fpl$drsb)
    _drsb                                    0x08004441   Thumb Code    22  daddsub_clz.o(x$fpl$drsb)
    _dsqrt                                   0x08004459   Thumb Code   456  dsqrt_noumaal.o(x$fpl$dsqrt)
    __aeabi_dsub                             0x08004625   Thumb Code     0  daddsub_clz.o(x$fpl$dsub)
    _dsub                                    0x08004625   Thumb Code   464  daddsub_clz.o(x$fpl$dsub)
    __aeabi_f2d                              0x080047f9   Thumb Code     0  f2d.o(x$fpl$f2d)
    _f2d                                     0x080047f9   Thumb Code    86  f2d.o(x$fpl$f2d)
    __aeabi_fadd                             0x08004851   Thumb Code     0  faddsub_clz.o(x$fpl$fadd)
    _fadd                                    0x08004851   Thumb Code   196  faddsub_clz.o(x$fpl$fadd)
    __fpl_fcmp_Inf                           0x08004915   Thumb Code    24  fcmpi.o(x$fpl$fcmpinf)
    __aeabi_fdiv                             0x0800492d   Thumb Code     0  fdiv.o(x$fpl$fdiv)
    _fdiv                                    0x0800492d   Thumb Code   384  fdiv.o(x$fpl$fdiv)
    __aeabi_f2iz                             0x08004ab1   Thumb Code     0  ffix.o(x$fpl$ffix)
    _ffix                                    0x08004ab1   Thumb Code    54  ffix.o(x$fpl$ffix)
    __aeabi_f2uiz                            0x08004ae9   Thumb Code     0  ffixu.o(x$fpl$ffixu)
    _ffixu                                   0x08004ae9   Thumb Code    62  ffixu.o(x$fpl$ffixu)
    __aeabi_i2f                              0x08004b29   Thumb Code     0  fflt_clz.o(x$fpl$fflt)
    _fflt                                    0x08004b29   Thumb Code    48  fflt_clz.o(x$fpl$fflt)
    __aeabi_ui2f                             0x08004b59   Thumb Code     0  fflt_clz.o(x$fpl$ffltu)
    _ffltu                                   0x08004b59   Thumb Code    38  fflt_clz.o(x$fpl$ffltu)
    __aeabi_cfcmple                          0x08004b81   Thumb Code     0  fleqf.o(x$fpl$fleqf)
    _fcmple                                  0x08004b81   Thumb Code   104  fleqf.o(x$fpl$fleqf)
    __fpl_fcmple_InfNaN                      0x08004bd3   Thumb Code     0  fleqf.o(x$fpl$fleqf)
    __aeabi_fmul                             0x08004be9   Thumb Code     0  fmul.o(x$fpl$fmul)
    _fmul                                    0x08004be9   Thumb Code   258  fmul.o(x$fpl$fmul)
    __fpl_fnaninf                            0x08004ceb   Thumb Code   140  fnaninf.o(x$fpl$fnaninf)
    __fpl_fretinf                            0x08004d77   Thumb Code    10  fretinf.o(x$fpl$fretinf)
    __aeabi_cfrcmple                         0x08004d81   Thumb Code     0  frleqf.o(x$fpl$frleqf)
    _frcmple                                 0x08004d81   Thumb Code    98  frleqf.o(x$fpl$frleqf)
    __aeabi_fsub                             0x08004de5   Thumb Code     0  faddsub_clz.o(x$fpl$fsub)
    _fsub                                    0x08004de5   Thumb Code   234  faddsub_clz.o(x$fpl$fsub)
    __fpl_return_NaN                         0x08004ecf   Thumb Code   100  retnan.o(x$fpl$retnan)
    __ARM_scalbn                             0x08004f33   Thumb Code    92  scalbn.o(x$fpl$scalbn)
    __fpl_cmpreturn                          0x08004f8f   Thumb Code    48  trapv.o(x$fpl$trapveneer)
    AHBPrescTable                            0x08004fbe   Data          16  system_stm32f1xx.o(.constdata)
    __I$use$fp                               0x08004fbe   Number         0  usenofp.o(x$fpl$usenofp)
    APBPrescTable                            0x08004fce   Data           8  system_stm32f1xx.o(.constdata)
    Region$$Table$$Base                      0x08005148   Number         0  anon$$obj.o(Region$$Table)
    Region$$Table$$Limit                     0x08005168   Number         0  anon$$obj.o(Region$$Table)
    TxID                                     0x20000000   Data           2  main.o(.data)
    RegID                                    0x20000002   Data           2  main.o(.data)
    DataID                                   0x20000004   Data           2  main.o(.data)
    StateID                                  0x20000006   Data           2  main.o(.data)
    TxVerifyID                               0x20000008   Data           2  main.o(.data)
    TxMailbox                                0x2000000c   Data           4  main.o(.data)
    TxData                                   0x20000010   Data           8  main.o(.data)
    RxData                                   0x20000018   Data           8  main.o(.data)
    START_CAN                                0x20000020   Data           1  main.o(.data)
    State                                    0x20000021   Data           1  main.o(.data)
    Mode                                     0x20000022   Data           1  main.o(.data)
    TT_Receive                               0x20000023   Data           1  main.o(.data)
    pos                                      0x20000024   Data           2  main.o(.data)
    pre_pos                                  0x20000026   Data           2  main.o(.data)
    pos1                                     0x20000028   Data           2  main.o(.data)
    dir                                      0x2000002a   Data           2  main.o(.data)
    pre_dir                                  0x2000002c   Data           2  main.o(.data)
    vel                                      0x2000002e   Data           2  main.o(.data)
    pre_vel                                  0x20000030   Data           2  main.o(.data)
    count_data                               0x20000032   Data           2  main.o(.data)
    pre_count                                0x20000034   Data           2  main.o(.data)
    count                                    0x20000036   Data           2  main.o(.data)
    encoder                                  0x20000038   Data           6  main.o(.data)
    KP_P                                     0x20000040   Data           4  main.o(.data)
    KI_P                                     0x20000044   Data           4  main.o(.data)
    KD_P                                     0x20000048   Data           4  main.o(.data)
    alpha_P                                  0x2000004c   Data           4  main.o(.data)
    beta_P                                   0x20000050   Data           4  main.o(.data)
    gamma_P                                  0x20000054   Data           4  main.o(.data)
    KP_V                                     0x20000058   Data           4  main.o(.data)
    KI_V                                     0x2000005c   Data           4  main.o(.data)
    KD_V                                     0x20000060   Data           4  main.o(.data)
    cur_dir                                  0x20000064   Data           3  main.o(.data)
    alpha_V                                  0x20000068   Data           4  main.o(.data)
    beta_V                                   0x2000006c   Data           4  main.o(.data)
    gamma_V                                  0x20000070   Data           4  main.o(.data)
    uwTick                                   0x20000074   Data           4  stm32f1xx_hal.o(.data)
    uwTickPrio                               0x20000078   Data           4  stm32f1xx_hal.o(.data)
    uwTickFreq                               0x2000007c   Data           1  stm32f1xx_hal.o(.data)
    SystemCoreClock                          0x20000080   Data           4  system_stm32f1xx.o(.data)
    hcan                                     0x20000084   Data          40  main.o(.bss)
    htim1                                    0x200000ac   Data          72  main.o(.bss)
    htim2                                    0x200000f4   Data          72  main.o(.bss)
    htim3                                    0x2000013c   Data          72  main.o(.bss)
    htim4                                    0x20000184   Data          72  main.o(.bss)
    TxHeader                                 0x200001cc   Data          24  main.o(.bss)
    RxHeader                                 0x200001e4   Data          28  main.o(.bss)
    CanFilter                                0x20000200   Data          40  main.o(.bss)
    Pos                                      0x20000228   Data          16  main.o(.bss)
    error_P                                  0x20000238   Data          12  main.o(.bss)
    error1_P                                 0x20000244   Data          12  main.o(.bss)
    error2_P                                 0x20000250   Data          12  main.o(.bss)
    pwm_output_P                             0x2000025c   Data          12  main.o(.bss)
    lastpwm_output_P                         0x20000268   Data          12  main.o(.bss)
    V                                        0x20000274   Data          12  main.o(.bss)
    cur_speed                                0x20000280   Data          12  main.o(.bss)
    error_V                                  0x2000028c   Data          12  main.o(.bss)
    error1_V                                 0x20000298   Data          12  main.o(.bss)
    error2_V                                 0x200002a4   Data          12  main.o(.bss)
    pwm_output_V                             0x200002b0   Data          12  main.o(.bss)
    lastpwm_output_V                         0x200002bc   Data          12  main.o(.bss)
    __libspace_start                         0x200002c8   Data          96  libspace.o(.bss)
    __temporary_stack_top$libspace           0x20000328   Data           0  libspace.o(.bss)



==============================================================================

Memory Map of the image

  Image Entry point : 0x080000ed

  Load Region LR_IROM1 (Base: 0x08000000, Size: 0x000051ec, Max: 0x00010000, ABSOLUTE)

    Execution Region ER_IROM1 (Exec base: 0x08000000, Load base: 0x08000000, Size: 0x00005168, Max: 0x00010000, ABSOLUTE)

    Exec Addr    Load Addr    Size         Type   Attr      Idx    E Section Name        Object

    0x08000000   0x08000000   0x000000ec   Data   RO            3    RESET               startup_stm32f103xb.o
    0x080000ec   0x080000ec   0x00000008   Code   RO         2794  * !!!main             c_w.l(__main.o)
    0x080000f4   0x080000f4   0x00000034   Code   RO         3105    !!!scatter          c_w.l(__scatter.o)
    0x08000128   0x08000128   0x0000001a   Code   RO         3107    !!handler_copy      c_w.l(__scatter_copy.o)
    0x08000142   0x08000142   0x00000002   PAD
    0x08000144   0x08000144   0x0000001c   Code   RO         3109    !!handler_zi        c_w.l(__scatter_zi.o)
    0x08000160   0x08000160   0x00000002   Code   RO         2974    .ARM.Collect$$libinit$$00000000  c_w.l(libinit.o)
    0x08000162   0x08000162   0x00000000   Code   RO         2980    .ARM.Collect$$libinit$$00000002  c_w.l(libinit2.o)
    0x08000162   0x08000162   0x00000000   Code   RO         2982    .ARM.Collect$$libinit$$00000004  c_w.l(libinit2.o)
    0x08000162   0x08000162   0x00000000   Code   RO         2985    .ARM.Collect$$libinit$$0000000A  c_w.l(libinit2.o)
    0x08000162   0x08000162   0x00000000   Code   RO         2987    .ARM.Collect$$libinit$$0000000C  c_w.l(libinit2.o)
    0x08000162   0x08000162   0x00000000   Code   RO         2989    .ARM.Collect$$libinit$$0000000E  c_w.l(libinit2.o)
    0x08000162   0x08000162   0x00000000   Code   RO         2992    .ARM.Collect$$libinit$$00000011  c_w.l(libinit2.o)
    0x08000162   0x08000162   0x00000000   Code   RO         2994    .ARM.Collect$$libinit$$00000013  c_w.l(libinit2.o)
    0x08000162   0x08000162   0x00000000   Code   RO         2996    .ARM.Collect$$libinit$$00000015  c_w.l(libinit2.o)
    0x08000162   0x08000162   0x00000000   Code   RO         2998    .ARM.Collect$$libinit$$00000017  c_w.l(libinit2.o)
    0x08000162   0x08000162   0x00000000   Code   RO         3000    .ARM.Collect$$libinit$$00000019  c_w.l(libinit2.o)
    0x08000162   0x08000162   0x00000000   Code   RO         3002    .ARM.Collect$$libinit$$0000001B  c_w.l(libinit2.o)
    0x08000162   0x08000162   0x00000000   Code   RO         3004    .ARM.Collect$$libinit$$0000001D  c_w.l(libinit2.o)
    0x08000162   0x08000162   0x00000000   Code   RO         3006    .ARM.Collect$$libinit$$0000001F  c_w.l(libinit2.o)
    0x08000162   0x08000162   0x00000000   Code   RO         3008    .ARM.Collect$$libinit$$00000021  c_w.l(libinit2.o)
    0x08000162   0x08000162   0x00000000   Code   RO         3010    .ARM.Collect$$libinit$$00000023  c_w.l(libinit2.o)
    0x08000162   0x08000162   0x00000000   Code   RO         3012    .ARM.Collect$$libinit$$00000025  c_w.l(libinit2.o)
    0x08000162   0x08000162   0x00000000   Code   RO         3016    .ARM.Collect$$libinit$$0000002C  c_w.l(libinit2.o)
    0x08000162   0x08000162   0x00000000   Code   RO         3018    .ARM.Collect$$libinit$$0000002E  c_w.l(libinit2.o)
    0x08000162   0x08000162   0x00000000   Code   RO         3020    .ARM.Collect$$libinit$$00000030  c_w.l(libinit2.o)
    0x08000162   0x08000162   0x00000000   Code   RO         3022    .ARM.Collect$$libinit$$00000032  c_w.l(libinit2.o)
    0x08000162   0x08000162   0x00000002   Code   RO         3023    .ARM.Collect$$libinit$$00000033  c_w.l(libinit2.o)
    0x08000164   0x08000164   0x00000002   Code   RO         3045    .ARM.Collect$$libshutdown$$00000000  c_w.l(libshutdown.o)
    0x08000166   0x08000166   0x00000000   Code   RO         3058    .ARM.Collect$$libshutdown$$00000002  c_w.l(libshutdown2.o)
    0x08000166   0x08000166   0x00000000   Code   RO         3060    .ARM.Collect$$libshutdown$$00000004  c_w.l(libshutdown2.o)
    0x08000166   0x08000166   0x00000000   Code   RO         3063    .ARM.Collect$$libshutdown$$00000007  c_w.l(libshutdown2.o)
    0x08000166   0x08000166   0x00000000   Code   RO         3066    .ARM.Collect$$libshutdown$$0000000A  c_w.l(libshutdown2.o)
    0x08000166   0x08000166   0x00000000   Code   RO         3068    .ARM.Collect$$libshutdown$$0000000C  c_w.l(libshutdown2.o)
    0x08000166   0x08000166   0x00000000   Code   RO         3071    .ARM.Collect$$libshutdown$$0000000F  c_w.l(libshutdown2.o)
    0x08000166   0x08000166   0x00000002   Code   RO         3072    .ARM.Collect$$libshutdown$$00000010  c_w.l(libshutdown2.o)
    0x08000168   0x08000168   0x00000000   Code   RO         2882    .ARM.Collect$$rtentry$$00000000  c_w.l(__rtentry.o)
    0x08000168   0x08000168   0x00000000   Code   RO         2933    .ARM.Collect$$rtentry$$00000002  c_w.l(__rtentry2.o)
    0x08000168   0x08000168   0x00000006   Code   RO         2945    .ARM.Collect$$rtentry$$00000004  c_w.l(__rtentry4.o)
    0x0800016e   0x0800016e   0x00000000   Code   RO         2935    .ARM.Collect$$rtentry$$00000009  c_w.l(__rtentry2.o)
    0x0800016e   0x0800016e   0x00000004   Code   RO         2936    .ARM.Collect$$rtentry$$0000000A  c_w.l(__rtentry2.o)
    0x08000172   0x08000172   0x00000000   Code   RO         2938    .ARM.Collect$$rtentry$$0000000C  c_w.l(__rtentry2.o)
    0x08000172   0x08000172   0x00000008   Code   RO         2939    .ARM.Collect$$rtentry$$0000000D  c_w.l(__rtentry2.o)
    0x0800017a   0x0800017a   0x00000002   Code   RO         2977    .ARM.Collect$$rtexit$$00000000  c_w.l(rtexit.o)
    0x0800017c   0x0800017c   0x00000000   Code   RO         3027    .ARM.Collect$$rtexit$$00000002  c_w.l(rtexit2.o)
    0x0800017c   0x0800017c   0x00000004   Code   RO         3028    .ARM.Collect$$rtexit$$00000003  c_w.l(rtexit2.o)
    0x08000180   0x08000180   0x00000006   Code   RO         3029    .ARM.Collect$$rtexit$$00000004  c_w.l(rtexit2.o)
    0x08000186   0x08000186   0x00000002   PAD
    0x08000188   0x08000188   0x00000040   Code   RO            4    .text               startup_stm32f103xb.o
    0x080001c8   0x080001c8   0x0000004e   Code   RO         2790    .text               c_w.l(rt_memclr_w.o)
    0x08000216   0x08000216   0x00000006   Code   RO         2792    .text               c_w.l(heapauxi.o)
    0x0800021c   0x0800021c   0x00000016   Code   RO         2883    .text               c_w.l(_rserrno.o)
    0x08000232   0x08000232   0x00000002   PAD
    0x08000234   0x08000234   0x00000008   Code   RO         2950    .text               c_w.l(rt_errno_addr_intlibspace.o)
    0x0800023c   0x0800023c   0x00000008   Code   RO         2962    .text               c_w.l(libspace.o)
    0x08000244   0x08000244   0x0000004a   Code   RO         2965    .text               c_w.l(sys_stackheap_outer.o)
    0x0800028e   0x0800028e   0x00000012   Code   RO         2967    .text               c_w.l(exit.o)
    0x080002a0   0x080002a0   0x0000000c   Code   RO         3037    .text               c_w.l(sys_exit.o)
    0x080002ac   0x080002ac   0x00000002   Code   RO         3048    .text               c_w.l(use_no_semi.o)
    0x080002ae   0x080002ae   0x00000000   Code   RO         3050    .text               c_w.l(indicate_semi.o)
    0x080002ae   0x080002ae   0x00000002   PAD
    0x080002b0   0x080002b0   0x00000088   Code   RO           13    i.Backward          main.o
    0x08000338   0x08000338   0x00000004   Code   RO          233    i.BusFault_Handler  stm32f1xx_it.o
    0x0800033c   0x0800033c   0x00000044   Code   RO           14    i.CAN_Send          main.o
    0x08000380   0x08000380   0x000002d0   Code   RO           15    i.Ctl_Pos           main.o
    0x08000650   0x08000650   0x00000002   Code   RO          234    i.DebugMon_Handler  stm32f1xx_it.o
    0x08000652   0x08000652   0x00000006   Code   RO           16    i.Error_Handler     main.o
    0x08000658   0x08000658   0x00000088   Code   RO           17    i.Forward           main.o
    0x080006e0   0x080006e0   0x0000002a   Code   RO          529    i.HAL_CAN_ActivateNotification  stm32f1xx_hal_can.o
    0x0800070a   0x0800070a   0x00000156   Code   RO          530    i.HAL_CAN_AddTxMessage  stm32f1xx_hal_can.o
    0x08000860   0x08000860   0x0000010a   Code   RO          531    i.HAL_CAN_ConfigFilter  stm32f1xx_hal_can.o
    0x0800096a   0x0800096a   0x00000002   Code   RO          534    i.HAL_CAN_ErrorCallback  stm32f1xx_hal_can.o
    0x0800096c   0x0800096c   0x0000017a   Code   RO          537    i.HAL_CAN_GetRxMessage  stm32f1xx_hal_can.o
    0x08000ae6   0x08000ae6   0x00000036   Code   RO          539    i.HAL_CAN_GetTxMailboxesFreeLevel  stm32f1xx_hal_can.o
    0x08000b1c   0x08000b1c   0x0000024e   Code   RO          541    i.HAL_CAN_IRQHandler  stm32f1xx_hal_can.o
    0x08000d6a   0x08000d6a   0x00000174   Code   RO          542    i.HAL_CAN_Init      stm32f1xx_hal_can.o
    0x08000ede   0x08000ede   0x00000002   PAD
    0x08000ee0   0x08000ee0   0x00000098   Code   RO          427    i.HAL_CAN_MspInit   stm32f1xx_hal_msp.o
    0x08000f78   0x08000f78   0x00000002   Code   RO          549    i.HAL_CAN_RxFifo0FullCallback  stm32f1xx_hal_can.o
    0x08000f7a   0x08000f7a   0x00000002   PAD
    0x08000f7c   0x08000f7c   0x00000138   Code   RO           18    i.HAL_CAN_RxFifo0MsgPendingCallback  main.o
    0x080010b4   0x080010b4   0x00000002   Code   RO          551    i.HAL_CAN_RxFifo1FullCallback  stm32f1xx_hal_can.o
    0x080010b6   0x080010b6   0x00000002   Code   RO          552    i.HAL_CAN_RxFifo1MsgPendingCallback  stm32f1xx_hal_can.o
    0x080010b8   0x080010b8   0x00000002   Code   RO          553    i.HAL_CAN_SleepCallback  stm32f1xx_hal_can.o
    0x080010ba   0x080010ba   0x0000005e   Code   RO          554    i.HAL_CAN_Start     stm32f1xx_hal_can.o
    0x08001118   0x08001118   0x00000002   Code   RO          556    i.HAL_CAN_TxMailbox0AbortCallback  stm32f1xx_hal_can.o
    0x0800111a   0x0800111a   0x00000002   Code   RO          557    i.HAL_CAN_TxMailbox0CompleteCallback  stm32f1xx_hal_can.o
    0x0800111c   0x0800111c   0x00000002   Code   RO          558    i.HAL_CAN_TxMailbox1AbortCallback  stm32f1xx_hal_can.o
    0x0800111e   0x0800111e   0x00000002   Code   RO          559    i.HAL_CAN_TxMailbox1CompleteCallback  stm32f1xx_hal_can.o
    0x08001120   0x08001120   0x00000002   Code   RO          560    i.HAL_CAN_TxMailbox2AbortCallback  stm32f1xx_hal_can.o
    0x08001122   0x08001122   0x00000002   Code   RO          561    i.HAL_CAN_TxMailbox2CompleteCallback  stm32f1xx_hal_can.o
    0x08001124   0x08001124   0x00000002   Code   RO          563    i.HAL_CAN_WakeUpFromRxMsgCallback  stm32f1xx_hal_can.o
    0x08001126   0x08001126   0x00000002   PAD
    0x08001128   0x08001128   0x00000028   Code   RO          769    i.HAL_Delay         stm32f1xx_hal.o
    0x08001150   0x08001150   0x00000320   Code   RO         1082    i.HAL_GPIO_Init     stm32f1xx_hal_gpio.o
    0x08001470   0x08001470   0x0000000c   Code   RO         1086    i.HAL_GPIO_WritePin  stm32f1xx_hal_gpio.o
    0x0800147c   0x0800147c   0x0000000c   Code   RO          773    i.HAL_GetTick       stm32f1xx_hal.o
    0x08001488   0x08001488   0x00000018   Code   RO          779    i.HAL_IncTick       stm32f1xx_hal.o
    0x080014a0   0x080014a0   0x00000028   Code   RO          780    i.HAL_Init          stm32f1xx_hal.o
    0x080014c8   0x080014c8   0x0000004c   Code   RO          781    i.HAL_InitTick      stm32f1xx_hal.o
    0x08001514   0x08001514   0x00000054   Code   RO          428    i.HAL_MspInit       stm32f1xx_hal_msp.o
    0x08001568   0x08001568   0x00000020   Code   RO         1242    i.HAL_NVIC_EnableIRQ  stm32f1xx_hal_cortex.o
    0x08001588   0x08001588   0x0000007c   Code   RO         1248    i.HAL_NVIC_SetPriority  stm32f1xx_hal_cortex.o
    0x08001604   0x08001604   0x00000028   Code   RO         1249    i.HAL_NVIC_SetPriorityGrouping  stm32f1xx_hal_cortex.o
    0x0800162c   0x0800162c   0x0000018c   Code   RO          937    i.HAL_RCC_ClockConfig  stm32f1xx_hal_rcc.o
    0x080017b8   0x080017b8   0x00000094   Code   RO          946    i.HAL_RCC_GetSysClockFreq  stm32f1xx_hal_rcc.o
    0x0800184c   0x0800184c   0x00000464   Code   RO          949    i.HAL_RCC_OscConfig  stm32f1xx_hal_rcc.o
    0x08001cb0   0x08001cb0   0x00000034   Code   RO         1253    i.HAL_SYSTICK_Config  stm32f1xx_hal_cortex.o
    0x08001ce4   0x08001ce4   0x00000002   Code   RO         2485    i.HAL_TIMEx_BreakCallback  stm32f1xx_hal_tim_ex.o
    0x08001ce6   0x08001ce6   0x00000002   Code   RO         2486    i.HAL_TIMEx_CommutCallback  stm32f1xx_hal_tim_ex.o
    0x08001ce8   0x08001ce8   0x00000074   Code   RO         2488    i.HAL_TIMEx_ConfigBreakDeadTime  stm32f1xx_hal_tim_ex.o
    0x08001d5c   0x08001d5c   0x00000084   Code   RO         2504    i.HAL_TIMEx_MasterConfigSynchronization  stm32f1xx_hal_tim_ex.o
    0x08001de0   0x08001de0   0x000000c4   Code   RO         1791    i.HAL_TIM_Encoder_Init  stm32f1xx_hal_tim.o
    0x08001ea4   0x08001ea4   0x00000154   Code   RO          430    i.HAL_TIM_Encoder_MspInit  stm32f1xx_hal_msp.o
    0x08001ff8   0x08001ff8   0x000000fc   Code   RO         1796    i.HAL_TIM_Encoder_Start_IT  stm32f1xx_hal_tim.o
    0x080020f4   0x080020f4   0x00000002   Code   RO         1804    i.HAL_TIM_IC_CaptureCallback  stm32f1xx_hal_tim.o
    0x080020f6   0x080020f6   0x00000196   Code   RO         1818    i.HAL_TIM_IRQHandler  stm32f1xx_hal_tim.o
    0x0800228c   0x0800228c   0x00000058   Code   RO          431    i.HAL_TIM_MspPostInit  stm32f1xx_hal_msp.o
    0x080022e4   0x080022e4   0x00000002   Code   RO         1821    i.HAL_TIM_OC_DelayElapsedCallback  stm32f1xx_hal_tim.o
    0x080022e6   0x080022e6   0x000000fc   Code   RO         1842    i.HAL_TIM_PWM_ConfigChannel  stm32f1xx_hal_tim.o
    0x080023e2   0x080023e2   0x00000066   Code   RO         1845    i.HAL_TIM_PWM_Init  stm32f1xx_hal_tim.o
    0x08002448   0x08002448   0x00000054   Code   RO          433    i.HAL_TIM_PWM_MspInit  stm32f1xx_hal_msp.o
    0x0800249c   0x0800249c   0x00000002   Code   RO         1848    i.HAL_TIM_PWM_PulseFinishedCallback  stm32f1xx_hal_tim.o
    0x0800249e   0x0800249e   0x00000002   PAD
    0x080024a0   0x080024a0   0x000000d4   Code   RO         1850    i.HAL_TIM_PWM_Start  stm32f1xx_hal_tim.o
    0x08002574   0x08002574   0x00000002   Code   RO         1856    i.HAL_TIM_PeriodElapsedCallback  stm32f1xx_hal_tim.o
    0x08002576   0x08002576   0x00000002   Code   RO         1861    i.HAL_TIM_TriggerCallback  stm32f1xx_hal_tim.o
    0x08002578   0x08002578   0x00000004   Code   RO          235    i.HardFault_Handler  stm32f1xx_it.o
    0x0800257c   0x0800257c   0x00000070   Code   RO           19    i.MX_CAN_Init       main.o
    0x080025ec   0x080025ec   0x000000f4   Code   RO           20    i.MX_GPIO_Init      main.o
    0x080026e0   0x080026e0   0x000000d0   Code   RO           21    i.MX_TIM1_Init      main.o
    0x080027b0   0x080027b0   0x00000078   Code   RO           22    i.MX_TIM2_Init      main.o
    0x08002828   0x08002828   0x0000007c   Code   RO           23    i.MX_TIM3_Init      main.o
    0x080028a4   0x080028a4   0x0000007c   Code   RO           24    i.MX_TIM4_Init      main.o
    0x08002920   0x08002920   0x00000004   Code   RO          236    i.MemManage_Handler  stm32f1xx_it.o
    0x08002924   0x08002924   0x00000004   Code   RO          237    i.NMI_Handler       stm32f1xx_it.o
    0x08002928   0x08002928   0x00000002   Code   RO          238    i.PendSV_Handler    stm32f1xx_it.o
    0x0800292a   0x0800292a   0x00000002   PAD
    0x0800292c   0x0800292c   0x00000028   Code   RO          950    i.RCC_Delay         stm32f1xx_hal_rcc.o
    0x08002954   0x08002954   0x00000002   Code   RO          239    i.SVC_Handler       stm32f1xx_it.o
    0x08002956   0x08002956   0x00000002   PAD
    0x08002958   0x08002958   0x00000084   Code   RO           25    i.Stop              main.o
    0x080029dc   0x080029dc   0x00000008   Code   RO          240    i.SysTick_Handler   stm32f1xx_it.o
    0x080029e4   0x080029e4   0x00000062   Code   RO           26    i.SystemClock_Config  main.o
    0x08002a46   0x08002a46   0x00000002   Code   RO         2753    i.SystemInit        system_stm32f1xx.o
    0x08002a48   0x08002a48   0x00000010   Code   RO          241    i.TIM1_BRK_IRQHandler  stm32f1xx_it.o
    0x08002a58   0x08002a58   0x00000010   Code   RO          242    i.TIM1_UP_IRQHandler  stm32f1xx_it.o
    0x08002a68   0x08002a68   0x00000010   Code   RO          243    i.TIM2_IRQHandler   stm32f1xx_it.o
    0x08002a78   0x08002a78   0x00000010   Code   RO          244    i.TIM3_IRQHandler   stm32f1xx_it.o
    0x08002a88   0x08002a88   0x00000010   Code   RO          245    i.TIM4_IRQHandler   stm32f1xx_it.o
    0x08002a98   0x08002a98   0x00000074   Code   RO         1863    i.TIM_Base_SetConfig  stm32f1xx_hal_tim.o
    0x08002b0c   0x08002b0c   0x00000022   Code   RO         1864    i.TIM_CCxChannelCmd  stm32f1xx_hal_tim.o
    0x08002b2e   0x08002b2e   0x00000002   PAD
    0x08002b30   0x08002b30   0x00000060   Code   RO         1876    i.TIM_OC1_SetConfig  stm32f1xx_hal_tim.o
    0x08002b90   0x08002b90   0x00000068   Code   RO         1877    i.TIM_OC2_SetConfig  stm32f1xx_hal_tim.o
    0x08002bf8   0x08002bf8   0x00000068   Code   RO         1878    i.TIM_OC3_SetConfig  stm32f1xx_hal_tim.o
    0x08002c60   0x08002c60   0x00000048   Code   RO         1879    i.TIM_OC4_SetConfig  stm32f1xx_hal_tim.o
    0x08002ca8   0x08002ca8   0x00000010   Code   RO          246    i.USB_LP_CAN1_RX0_IRQHandler  stm32f1xx_it.o
    0x08002cb8   0x08002cb8   0x00000004   Code   RO          247    i.UsageFault_Handler  stm32f1xx_it.o
    0x08002cbc   0x08002cbc   0x00000028   Code   RO         2960    i.__ARM_fpclassify  m_ws.l(fpclassify.o)
    0x08002ce4   0x08002ce4   0x00000010   Code   RO         1255    i.__NVIC_GetPriorityGrouping  stm32f1xx_hal_cortex.o
    0x08002cf4   0x08002cf4   0x00000028   Code   RO         1256    i.__NVIC_SetPriority  stm32f1xx_hal_cortex.o
    0x08002d1c   0x08002d1c   0x00000388   Code   RO         2921    i.__ieee754_rem_pio2  m_ws.l(rred.o)
    0x080030a4   0x080030a4   0x000000fc   Code   RO         2902    i.__kernel_cos      m_ws.l(cos_i.o)
    0x080031a0   0x080031a0   0x000000aa   Code   RO         2919    i.__kernel_poly     m_ws.l(poly.o)
    0x0800324a   0x0800324a   0x00000002   PAD
    0x0800324c   0x0800324c   0x000000ec   Code   RO         2926    i.__kernel_sin      m_ws.l(sin_i.o)
    0x08003338   0x08003338   0x00000006   Code   RO         2906    i.__mathlib_dbl_infnan  m_ws.l(dunder.o)
    0x0800333e   0x0800333e   0x0000000c   Code   RO         2908    i.__mathlib_dbl_invalid  m_ws.l(dunder.o)
    0x0800334a   0x0800334a   0x00000002   PAD
    0x0800334c   0x0800334c   0x00000010   Code   RO         2911    i.__mathlib_dbl_underflow  m_ws.l(dunder.o)
    0x0800335c   0x0800335c   0x0000027c   Code   RO         2849    i.acos              m_ws.l(acos.o)
    0x080035d8   0x080035d8   0x0000009c   Code   RO         2859    i.cos               m_ws.l(cos.o)
    0x08003674   0x08003674   0x000002e0   Code   RO           27    i.ctl_Vel           main.o
    0x08003954   0x08003954   0x00000274   Code   RO           28    i.main              main.o
    0x08003bc8   0x08003bc8   0x00000068   Code   RO           29    i.readEncoder       main.o
    0x08003c30   0x08003c30   0x000000a0   Code   RO         2867    i.sin               m_ws.l(sin.o)
    0x08003cd0   0x08003cd0   0x0000004c   Code   RO         2875    i.sqrt              m_ws.l(sqrt.o)
    0x08003d1c   0x08003d1c   0x00000062   Code   RO         2796    x$fpl$d2f           fz_ws.l(d2f.o)
    0x08003d7e   0x08003d7e   0x00000002   PAD
    0x08003d80   0x08003d80   0x00000150   Code   RO         2798    x$fpl$dadd          fz_ws.l(daddsub_clz.o)
    0x08003ed0   0x08003ed0   0x00000010   Code   RO         2952    x$fpl$dcheck1       fz_ws.l(dcheck1.o)
    0x08003ee0   0x08003ee0   0x000002b0   Code   RO         2805    x$fpl$ddiv          fz_ws.l(ddiv.o)
    0x08004190   0x08004190   0x0000005e   Code   RO         2956    x$fpl$dfix          fz_ws.l(dfix.o)
    0x080041ee   0x080041ee   0x0000002e   Code   RO         2809    x$fpl$dflt          fz_ws.l(dflt_clz.o)
    0x0800421c   0x0800421c   0x00000026   Code   RO         2808    x$fpl$dfltu         fz_ws.l(dflt_clz.o)
    0x08004242   0x08004242   0x00000002   PAD
    0x08004244   0x08004244   0x00000154   Code   RO         2814    x$fpl$dmul          fz_ws.l(dmul.o)
    0x08004398   0x08004398   0x0000009c   Code   RO         2887    x$fpl$dnaninf       fz_ws.l(dnaninf.o)
    0x08004434   0x08004434   0x0000000c   Code   RO         2889    x$fpl$dretinf       fz_ws.l(dretinf.o)
    0x08004440   0x08004440   0x00000016   Code   RO         2799    x$fpl$drsb          fz_ws.l(daddsub_clz.o)
    0x08004456   0x08004456   0x00000002   PAD
    0x08004458   0x08004458   0x000001cc   Code   RO         2891    x$fpl$dsqrt         fz_ws.l(dsqrt_noumaal.o)
    0x08004624   0x08004624   0x000001d4   Code   RO         2800    x$fpl$dsub          fz_ws.l(daddsub_clz.o)
    0x080047f8   0x080047f8   0x00000056   Code   RO         2816    x$fpl$f2d           fz_ws.l(f2d.o)
    0x0800484e   0x0800484e   0x00000002   PAD
    0x08004850   0x08004850   0x000000c4   Code   RO         2818    x$fpl$fadd          fz_ws.l(faddsub_clz.o)
    0x08004914   0x08004914   0x00000018   Code   RO         2893    x$fpl$fcmpinf       fz_ws.l(fcmpi.o)
    0x0800492c   0x0800492c   0x00000184   Code   RO         2825    x$fpl$fdiv          fz_ws.l(fdiv.o)
    0x08004ab0   0x08004ab0   0x00000036   Code   RO         2828    x$fpl$ffix          fz_ws.l(ffix.o)
    0x08004ae6   0x08004ae6   0x00000002   PAD
    0x08004ae8   0x08004ae8   0x0000003e   Code   RO         2832    x$fpl$ffixu         fz_ws.l(ffixu.o)
    0x08004b26   0x08004b26   0x00000002   PAD
    0x08004b28   0x08004b28   0x00000030   Code   RO         2837    x$fpl$fflt          fz_ws.l(fflt_clz.o)
    0x08004b58   0x08004b58   0x00000026   Code   RO         2836    x$fpl$ffltu         fz_ws.l(fflt_clz.o)
    0x08004b7e   0x08004b7e   0x00000002   PAD
    0x08004b80   0x08004b80   0x00000068   Code   RO         2842    x$fpl$fleqf         fz_ws.l(fleqf.o)
    0x08004be8   0x08004be8   0x00000102   Code   RO         2844    x$fpl$fmul          fz_ws.l(fmul.o)
    0x08004cea   0x08004cea   0x0000008c   Code   RO         2895    x$fpl$fnaninf       fz_ws.l(fnaninf.o)
    0x08004d76   0x08004d76   0x0000000a   Code   RO         2897    x$fpl$fretinf       fz_ws.l(fretinf.o)
    0x08004d80   0x08004d80   0x00000062   Code   RO         2846    x$fpl$frleqf        fz_ws.l(frleqf.o)
    0x08004de2   0x08004de2   0x00000002   PAD
    0x08004de4   0x08004de4   0x000000ea   Code   RO         2820    x$fpl$fsub          fz_ws.l(faddsub_clz.o)
    0x08004ece   0x08004ece   0x00000064   Code   RO         2975    x$fpl$retnan        fz_ws.l(retnan.o)
    0x08004f32   0x08004f32   0x0000005c   Code   RO         2899    x$fpl$scalbn        fz_ws.l(scalbn.o)
    0x08004f8e   0x08004f8e   0x00000030   Code   RO         3024    x$fpl$trapveneer    fz_ws.l(trapv.o)
    0x08004fbe   0x08004fbe   0x00000000   Code   RO         2901    x$fpl$usenofp       fz_ws.l(usenofp.o)
    0x08004fbe   0x08004fbe   0x00000018   Data   RO         2754    .constdata          system_stm32f1xx.o
    0x08004fd6   0x08004fd6   0x00000002   PAD
    0x08004fd8   0x08004fd8   0x00000050   Data   RO         2850    .constdata          m_ws.l(acos.o)
    0x08005028   0x08005028   0x00000030   Data   RO         2903    .constdata          m_ws.l(cos_i.o)
    0x08005058   0x08005058   0x000000c8   Data   RO         2923    .constdata          m_ws.l(rred.o)
    0x08005120   0x08005120   0x00000028   Data   RO         2927    .constdata          m_ws.l(sin_i.o)
    0x08005148   0x08005148   0x00000020   Data   RO         3103    Region$$Table       anon$$obj.o


    Execution Region RW_IRAM1 (Exec base: 0x20000000, Load base: 0x08005168, Size: 0x00000928, Max: 0x00005000, ABSOLUTE)

    Exec Addr    Load Addr    Size         Type   Attr      Idx    E Section Name        Object

    0x20000000   0x08005168   0x00000074   Data   RW           31    .data               main.o
    0x20000074   0x080051dc   0x00000009   Data   RW          787    .data               stm32f1xx_hal.o
    0x2000007d   0x080051e5   0x00000003   PAD
    0x20000080   0x080051e8   0x00000004   Data   RW         2755    .data               system_stm32f1xx.o
    0x20000084        -       0x00000244   Zero   RW           30    .bss                main.o
    0x200002c8        -       0x00000060   Zero   RW         2963    .bss                c_w.l(libspace.o)
    0x20000328        -       0x00000200   Zero   RW            2    HEAP                startup_stm32f103xb.o
    0x20000528        -       0x00000400   Zero   RW            1    STACK               startup_stm32f103xb.o


==============================================================================

Image component sizes


      Code (inc. data)   RO Data    RW Data    ZI Data      Debug   Object Name

      4008        430          0        116        580     440173   main.o
        64         26        236          0       1536        820   startup_stm32f103xb.o
       192         36          0          9          0       5969   stm32f1xx_hal.o
      2162          0          0          0          0      14585   stm32f1xx_hal_can.o
       304         22          0          0          0      29487   stm32f1xx_hal_cortex.o
       812         34          0          0          0       2704   stm32f1xx_hal_gpio.o
       748         64          0          0          0       3842   stm32f1xx_hal_msp.o
      1708         84          0          0          0       4428   stm32f1xx_hal_rcc.o
      1956         46          0          0          0      12744   stm32f1xx_hal_tim.o
       252         14          0          0          0       3241   stm32f1xx_hal_tim_ex.o
       130         36          0          0          0     429624   stm32f1xx_it.o
         2          0         24          4          0       1151   system_stm32f1xx.o

    ----------------------------------------------------------------------
     12352        792        294        132       2116     948768   Object Totals
         0          0         32          0          0          0   (incl. Generated)
        14          0          2          3          0          0   (incl. Padding)

    ----------------------------------------------------------------------

      Code (inc. data)   RO Data    RW Data    ZI Data      Debug   Library Member Name

         8          0          0          0          0         68   __main.o
         0          0          0          0          0          0   __rtentry.o
        12          0          0          0          0          0   __rtentry2.o
         6          0          0          0          0          0   __rtentry4.o
        52          8          0          0          0          0   __scatter.o
        26          0          0          0          0          0   __scatter_copy.o
        28          0          0          0          0          0   __scatter_zi.o
        22          0          0          0          0        100   _rserrno.o
        18          0          0          0          0         80   exit.o
         6          0          0          0          0        152   heapauxi.o
         0          0          0          0          0          0   indicate_semi.o
         2          0          0          0          0          0   libinit.o
         2          0          0          0          0          0   libinit2.o
         2          0          0          0          0          0   libshutdown.o
         2          0          0          0          0          0   libshutdown2.o
         8          4          0          0         96         68   libspace.o
         8          4          0          0          0         68   rt_errno_addr_intlibspace.o
        78          0          0          0          0         80   rt_memclr_w.o
         2          0          0          0          0          0   rtexit.o
        10          0          0          0          0          0   rtexit2.o
        12          4          0          0          0         68   sys_exit.o
        74          0          0          0          0         80   sys_stackheap_outer.o
         2          0          0          0          0         68   use_no_semi.o
        98          4          0          0          0         92   d2f.o
       826         16          0          0          0        348   daddsub_clz.o
        16          4          0          0          0         68   dcheck1.o
       688        140          0          0          0        208   ddiv.o
        94          4          0          0          0         92   dfix.o
        84          0          0          0          0        136   dflt_clz.o
       340         12          0          0          0        104   dmul.o
       156          4          0          0          0         92   dnaninf.o
        12          0          0          0          0         68   dretinf.o
       460         56          0          0          0        120   dsqrt_noumaal.o
        86          4          0          0          0         84   f2d.o
       430          8          0          0          0        168   faddsub_clz.o
        24          0          0          0          0         68   fcmpi.o
       388         76          0          0          0         96   fdiv.o
        54          4          0          0          0         84   ffix.o
        62          4          0          0          0         84   ffixu.o
        86          0          0          0          0        136   fflt_clz.o
       104          4          0          0          0         84   fleqf.o
       258          4          0          0          0         84   fmul.o
       140          4          0          0          0         84   fnaninf.o
        10          0          0          0          0         68   fretinf.o
        98          0          0          0          0         68   frleqf.o
       100          0          0          0          0         68   retnan.o
        92          0          0          0          0         68   scalbn.o
        48          0          0          0          0         68   trapv.o
         0          0          0          0          0          0   usenofp.o
       636         62         80          0          0        188   acos.o
       156          8          0          0          0        104   cos.o
       252         22         48          0          0        124   cos_i.o
        34          6          0          0          0        204   dunder.o
        40          0          0          0          0         68   fpclassify.o
       170          0          0          0          0         96   poly.o
       904         76        200          0          0        140   rred.o
       160         10          0          0          0        108   sin.o
       236         12         40          0          0        128   sin_i.o
        76          0          0          0          0         84   sqrt.o

    ----------------------------------------------------------------------
      7826        564        368          0         96       4716   Library Totals
        28          0          0          0          0          0   (incl. Padding)

    ----------------------------------------------------------------------

      Code (inc. data)   RO Data    RW Data    ZI Data      Debug   Library Name

       380         20          0          0         96        832   c_w.l
      4754        348          0          0          0       2640   fz_ws.l
      2664        196        368          0          0       1244   m_ws.l

    ----------------------------------------------------------------------
      7826        564        368          0         96       4716   Library Totals

    ----------------------------------------------------------------------

==============================================================================


      Code (inc. data)   RO Data    RW Data    ZI Data      Debug   

     20178       1356        662        132       2212     946200   Grand Totals
     20178       1356        662        132       2212     946200   ELF Image Totals
     20178       1356        662        132          0          0   ROM Totals

==============================================================================

    Total RO  Size (Code + RO Data)                20840 (  20.35kB)
    Total RW  Size (RW Data + ZI Data)              2344 (   2.29kB)
    Total ROM Size (Code + RO Data + RW Data)      20972 (  20.48kB)

==============================================================================

