<html>
<body>
<pre>
<h1>µVision Build Log</h1>
<h2>Tool Versions:</h2>
IDE-Version: µVision V5.31.0.0
Copyright (C) 2020 ARM Ltd and ARM Germany GmbH. All rights reserved.
License Information: Pham Phong, SPKT, LIC=JL28G-VZMAT-II85V-PFZP8-LG29V-D171M
 
Tool Versions:
Toolchain:       MDK-ARM Plus  Version: 5.31.0.0
Toolchain Path:  C:\Keil_v5\ARM\ARMCC\Bin
C Compiler:      Armcc.exe V5.06 update 6 (build 750)
Assembler:       Armasm.exe V5.06 update 6 (build 750)
Linker/Locator:  ArmLink.exe V5.06 update 6 (build 750)
Library Manager: ArmAr.exe V5.06 update 6 (build 750)
Hex Converter:   FromElf.exe V5.06 update 6 (build 750)
CPU DLL:         SARMCM3.DLL V5.31.0.0
Dialog DLL:      DCM.DLL V1.17.3.0
Target DLL:      STLink\ST-LINKIII-KEIL_SWO.dll V3.0.7.0
Dialog DLL:      TCM.DLL V1.46.0.0
 
<h2>Project:</h2>
C:\Users\PDP\OneDrive - hcmute.edu.vn\DATN\CODE\GIAODIEN\SlavePWM\MDK-ARM\SlavePWM.uvprojx
Project File Date:  06/06/2023

<h2>Output:</h2>
*** Using Compiler 'V5.06 update 6 (build 750)', folder: 'C:\Keil_v5\ARM\ARMCC\Bin'
Build target 'SlavePWM'
compiling main.c...
../Core/Src/main.c(335): warning:  #940-D: missing return statement at end of non-void function "Ctl_Pos" 
  }
../Core/Src/main.c(449): warning:  #188-D: enumerated type mixed with another type
  	HAL_NVIC_SetPriority(CAN_IT_RX_FIFO0_MSG_PENDING, 0, 0);
../Core/Src/main.c(450): warning:  #188-D: enumerated type mixed with another type
  	HAL_NVIC_EnableIRQ(CAN_IT_RX_FIFO0_MSG_PENDING);
../Core/Src/main.c(489): warning:  #186-D: pointless comparison of unsigned integer with zero
  						else if(vel < 0)
../Core/Src/main.c: 4 warnings, 0 errors
linking...
Program Size: Code=20178 RO-data=662 RW-data=132 ZI-data=2212  
FromELF: creating hex file...
"SlavePWM\SlavePWM.axf" - 0 Error(s), 4 Warning(s).

<h2>Software Packages used:</h2>

Package Vendor: ARM
                http://www.keil.com/pack/ARM.CMSIS.5.7.0.pack
                ARM.CMSIS.5.7.0
                CMSIS (Cortex Microcontroller Software Interface Standard)
   * Component: CORE Version: 5.4.0

Package Vendor: Keil
                http://www.keil.com/pack/Keil.STM32F1xx_DFP.2.3.0.pack
                Keil.STM32F1xx_DFP.2.3.0
                STMicroelectronics STM32F1 Series Device Support, Drivers and Examples

<h2>Collection of Component include folders:</h2>
  .\RTE\_SlavePWM
  C:\Users\PDP\AppData\Local\Arm\Packs\ARM\CMSIS\5.7.0\CMSIS\Core\Include
  C:\Users\PDP\AppData\Local\Arm\Packs\Keil\STM32F1xx_DFP\2.3.0\Device\Include

<h2>Collection of Component Files used:</h2>

   * Component: ARM::CMSIS:CORE:5.4.0
Build Time Elapsed:  00:00:01
</pre>
</body>
</html>
